<html>
<body>
<pre>
<h1>礦ision Build Log</h1>
<h2>Tool Versions:</h2>
IDE-Version: μVision V5.34.0.0
Copyright (C) 2021 ARM Ltd and ARM Germany GmbH. All rights reserved.
License Information: 1 1, 1, LIC=Y2B1Q-NGFE6-AWN2F-6UTEP-5FI8E-UHIH5
 
Tool Versions:
Toolchain:       MDK-ARM Professional  Version: 5.34.0.0
Toolchain Path:  D:\MDK\Keil5\ARM\ARMCC\Bin
C Compiler:      Armcc.exe V5.06 update 7 (build 960)
Assembler:       Armasm.exe V5.06 update 7 (build 960)
Linker/Locator:  ArmLink.exe V5.06 update 7 (build 960)
Library Manager: ArmAr.exe V5.06 update 7 (build 960)
Hex Converter:   FromElf.exe V5.06 update 7 (build 960)
CPU DLL:         SARMCM3.DLL V5.34.0.0
Dialog DLL:      DCM.DLL V1.17.3.0
Target DLL:      STLink\ST-LINKIII-KEIL_SWO.dll V3.0.8.0
Dialog DLL:      TCM.DLL V1.48.0.0
 
<h2>Project:</h2>
C:\softwares\文档\大创\0404\Mcnamee_ wheel_car_舵机运动插值\project.uvprojx
Project File Date:  03/29/2025

<h2>Output:</h2>
*** Using Compiler 'V5.06 update 7 (build 960)', folder: 'D:\MDK\Keil5\ARM\ARMCC\Bin'
Rebuild target 'Target 1'
compiling stm32f10x_exti.c...
compiling stm32f10x_dbgmcu.c...
compiling stm32f10x_dma.c...
compiling system_stm32f10x.c...
compiling misc.c...
compiling stm32f10x_adc.c...
compiling stm32f10x_fsmc.c...
compiling stm32f10x_dac.c...
compiling stm32f10x_cec.c...
compiling stm32f10x_i2c.c...
compiling stm32f10x_gpio.c...
compiling stm32f10x_crc.c...
compiling stm32f10x_flash.c...
compiling stm32f10x_can.c...
compiling stm32f10x_iwdg.c...
compiling stm32f10x_pwr.c...
compiling core_cm3.c...
compiling stm32f10x_rcc.c...
compiling stm32f10x_rtc.c...
compiling stm32f10x_sdio.c...
compiling stm32f10x_spi.c...
compiling stm32f10x_usart.c...
compiling Delay.c...
compiling stm32f10x_wwdg.c...
compiling stm32f10x_tim.c...
compiling encoder.c...
compiling motor.c...
compiling control.c...
compiling exti.c...
compiling MPU6050.c...
compiling My_PID.c...
compiling My_Usart.c...
compiling My_Math.c...
compiling Serial.c...
compiling Key.c...
compiling Servo.c...
compiling inv_mpu_dmp_motion_driver.c...
compiling inv_mpu.c...
compiling usart.c...
compiling OLED_Data.c...
compiling sys.c...
compiling OLED.c...
compiling stm32f10x_it.c...
compiling pstwo.c...
compiling main.c...
assembling startup_stm32f10x_hd.s...
compiling stm32f10x_bkp.c...
compiling IOI2C.c...
linking...
Program Size: Code=7280 RO-data=368 RW-data=512 ZI-data=1112  
".\Objects\project.axf" - 0 Error(s), 0 Warning(s).

<h2>Software Packages used:</h2>

Package Vendor: Keil
                http://www.keil.com/pack/Keil.STM32F1xx_DFP.1.0.5.pack
                Keil.STM32F1xx_DFP.1.0.5
                STMicroelectronics STM32F1 Series Device Support, Drivers and Examples

<h2>Collection of Component include folders:</h2>
  D:\MDK\Keil5\Keil\STM32F1xx_DFP\1.0.5\Device\Include

<h2>Collection of Component Files used:</h2>
Build Time Elapsed:  00:00:48
</pre>
</body>
</html>
