Component: ARM Compiler 5.06 update 7 (build 960) Tool: armlink [4d3601]

==============================================================================

Section Cross References

    system_stm32f10x.o(i.SetSysClock) refers to system_stm32f10x.o(i.SetSysClockTo72) for SetSysClockTo72
    system_stm32f10x.o(i.SystemCoreClockUpdate) refers to system_stm32f10x.o(.data) for SystemCoreClock
    system_stm32f10x.o(i.SystemInit) refers to system_stm32f10x.o(i.SetSysClock) for SetSysClock
    startup_stm32f10x_hd.o(RESET) refers to startup_stm32f10x_hd.o(STACK) for __initial_sp
    startup_stm32f10x_hd.o(RESET) refers to startup_stm32f10x_hd.o(.text) for Reset_Handler
    startup_stm32f10x_hd.o(RESET) refers to stm32f10x_it.o(i.NMI_Handler) for NMI_Handler
    startup_stm32f10x_hd.o(RESET) refers to stm32f10x_it.o(i.HardFault_Handler) for HardFault_Handler
    startup_stm32f10x_hd.o(RESET) refers to stm32f10x_it.o(i.MemManage_Handler) for MemManage_Handler
    startup_stm32f10x_hd.o(RESET) refers to stm32f10x_it.o(i.BusFault_Handler) for BusFault_Handler
    startup_stm32f10x_hd.o(RESET) refers to stm32f10x_it.o(i.UsageFault_Handler) for UsageFault_Handler
    startup_stm32f10x_hd.o(RESET) refers to stm32f10x_it.o(i.SVC_Handler) for SVC_Handler
    startup_stm32f10x_hd.o(RESET) refers to stm32f10x_it.o(i.DebugMon_Handler) for DebugMon_Handler
    startup_stm32f10x_hd.o(RESET) refers to stm32f10x_it.o(i.PendSV_Handler) for PendSV_Handler
    startup_stm32f10x_hd.o(RESET) refers to stm32f10x_it.o(i.SysTick_Handler) for SysTick_Handler
    startup_stm32f10x_hd.o(RESET) refers to servo.o(i.TIM1_UP_IRQHandler) for TIM1_UP_IRQHandler
    startup_stm32f10x_hd.o(RESET) refers to servo.o(i.TIM3_IRQHandler) for TIM3_IRQHandler
    startup_stm32f10x_hd.o(RESET) refers to servo.o(i.TIM4_IRQHandler) for TIM4_IRQHandler
    startup_stm32f10x_hd.o(RESET) refers to usart.o(i.USART2_IRQHandler) for USART2_IRQHandler
    startup_stm32f10x_hd.o(RESET) refers to usart.o(i.UART4_IRQHandler) for UART4_IRQHandler
    startup_stm32f10x_hd.o(RESET) refers to main.o(i.TIM6_IRQHandler) for TIM6_IRQHandler
    startup_stm32f10x_hd.o(.text) refers to system_stm32f10x.o(i.SystemInit) for SystemInit
    startup_stm32f10x_hd.o(.text) refers to entry.o(.ARM.Collect$$$$00000000) for __main
    stm32f10x_adc.o(i.ADC_DeInit) refers to stm32f10x_rcc.o(i.RCC_APB2PeriphResetCmd) for RCC_APB2PeriphResetCmd
    stm32f10x_bkp.o(i.BKP_DeInit) refers to stm32f10x_rcc.o(i.RCC_BackupResetCmd) for RCC_BackupResetCmd
    stm32f10x_can.o(i.CAN_DeInit) refers to stm32f10x_rcc.o(i.RCC_APB1PeriphResetCmd) for RCC_APB1PeriphResetCmd
    stm32f10x_can.o(i.CAN_GetITStatus) refers to stm32f10x_can.o(i.CheckITStatus) for CheckITStatus
    stm32f10x_cec.o(i.CEC_DeInit) refers to stm32f10x_rcc.o(i.RCC_APB1PeriphResetCmd) for RCC_APB1PeriphResetCmd
    stm32f10x_dac.o(i.DAC_DeInit) refers to stm32f10x_rcc.o(i.RCC_APB1PeriphResetCmd) for RCC_APB1PeriphResetCmd
    stm32f10x_flash.o(i.FLASH_EnableWriteProtection) refers to stm32f10x_flash.o(i.FLASH_WaitForLastOperation) for FLASH_WaitForLastOperation
    stm32f10x_flash.o(i.FLASH_EraseAllBank1Pages) refers to stm32f10x_flash.o(i.FLASH_WaitForLastBank1Operation) for FLASH_WaitForLastBank1Operation
    stm32f10x_flash.o(i.FLASH_EraseAllPages) refers to stm32f10x_flash.o(i.FLASH_WaitForLastOperation) for FLASH_WaitForLastOperation
    stm32f10x_flash.o(i.FLASH_EraseOptionBytes) refers to stm32f10x_flash.o(i.FLASH_GetReadOutProtectionStatus) for FLASH_GetReadOutProtectionStatus
    stm32f10x_flash.o(i.FLASH_EraseOptionBytes) refers to stm32f10x_flash.o(i.FLASH_WaitForLastOperation) for FLASH_WaitForLastOperation
    stm32f10x_flash.o(i.FLASH_ErasePage) refers to stm32f10x_flash.o(i.FLASH_WaitForLastOperation) for FLASH_WaitForLastOperation
    stm32f10x_flash.o(i.FLASH_ProgramHalfWord) refers to stm32f10x_flash.o(i.FLASH_WaitForLastOperation) for FLASH_WaitForLastOperation
    stm32f10x_flash.o(i.FLASH_ProgramOptionByteData) refers to stm32f10x_flash.o(i.FLASH_WaitForLastOperation) for FLASH_WaitForLastOperation
    stm32f10x_flash.o(i.FLASH_ProgramWord) refers to stm32f10x_flash.o(i.FLASH_WaitForLastOperation) for FLASH_WaitForLastOperation
    stm32f10x_flash.o(i.FLASH_ReadOutProtection) refers to stm32f10x_flash.o(i.FLASH_WaitForLastOperation) for FLASH_WaitForLastOperation
    stm32f10x_flash.o(i.FLASH_UserOptionByteConfig) refers to stm32f10x_flash.o(i.FLASH_WaitForLastOperation) for FLASH_WaitForLastOperation
    stm32f10x_flash.o(i.FLASH_WaitForLastBank1Operation) refers to stm32f10x_flash.o(i.FLASH_GetBank1Status) for FLASH_GetBank1Status
    stm32f10x_flash.o(i.FLASH_WaitForLastOperation) refers to stm32f10x_flash.o(i.FLASH_GetBank1Status) for FLASH_GetBank1Status
    stm32f10x_gpio.o(i.GPIO_AFIODeInit) refers to stm32f10x_rcc.o(i.RCC_APB2PeriphResetCmd) for RCC_APB2PeriphResetCmd
[...]
    Removing stm32f10x_tim.o(i.TIM_TimeBaseStructInit), (18 bytes).
    Removing stm32f10x_tim.o(i.TIM_UpdateDisableConfig), (24 bytes).
    Removing stm32f10x_tim.o(i.TIM_UpdateRequestConfig), (24 bytes).
    Removing stm32f10x_usart.o(i.USART_ClearFlag), (18 bytes).
    Removing stm32f10x_usart.o(i.USART_ClockInit), (34 bytes).
    Removing stm32f10x_usart.o(i.USART_ClockStructInit), (12 bytes).
    Removing stm32f10x_usart.o(i.USART_Cmd), (24 bytes).
    Removing stm32f10x_usart.o(i.USART_DMACmd), (18 bytes).
    Removing stm32f10x_usart.o(i.USART_DeInit), (156 bytes).
    Removing stm32f10x_usart.o(i.USART_GetFlagStatus), (26 bytes).
    Removing stm32f10x_usart.o(i.USART_HalfDuplexCmd), (24 bytes).
    Removing stm32f10x_usart.o(i.USART_ITConfig), (74 bytes).
    Removing stm32f10x_usart.o(i.USART_Init), (216 bytes).
    Removing stm32f10x_usart.o(i.USART_IrDACmd), (24 bytes).
    Removing stm32f10x_usart.o(i.USART_IrDAConfig), (18 bytes).
    Removing stm32f10x_usart.o(i.USART_LINBreakDetectLengthConfig), (18 bytes).
    Removing stm32f10x_usart.o(i.USART_LINCmd), (24 bytes).
    Removing stm32f10x_usart.o(i.USART_OneBitMethodCmd), (24 bytes).
    Removing stm32f10x_usart.o(i.USART_OverSampling8Cmd), (22 bytes).
    Removing stm32f10x_usart.o(i.USART_ReceiverWakeUpCmd), (24 bytes).
    Removing stm32f10x_usart.o(i.USART_SendBreak), (10 bytes).
    Removing stm32f10x_usart.o(i.USART_SendData), (8 bytes).
    Removing stm32f10x_usart.o(i.USART_SetAddress), (18 bytes).
    Removing stm32f10x_usart.o(i.USART_SetGuardTime), (16 bytes).
    Removing stm32f10x_usart.o(i.USART_SetPrescaler), (16 bytes).
    Removing stm32f10x_usart.o(i.USART_SmartCardCmd), (24 bytes).
    Removing stm32f10x_usart.o(i.USART_SmartCardNACKCmd), (24 bytes).
    Removing stm32f10x_usart.o(i.USART_StructInit), (24 bytes).
    Removing stm32f10x_usart.o(i.USART_WakeUpConfig), (18 bytes).
    Removing stm32f10x_wwdg.o(i.WWDG_ClearFlag), (12 bytes).
    Removing stm32f10x_wwdg.o(i.WWDG_DeInit), (22 bytes).
    Removing stm32f10x_wwdg.o(i.WWDG_Enable), (16 bytes).
    Removing stm32f10x_wwdg.o(i.WWDG_EnableIT), (12 bytes).
    Removing stm32f10x_wwdg.o(i.WWDG_GetFlagStatus), (12 bytes).
    Removing stm32f10x_wwdg.o(i.WWDG_SetCounter), (16 bytes).
    Removing stm32f10x_wwdg.o(i.WWDG_SetPrescaler), (24 bytes).
    Removing stm32f10x_wwdg.o(i.WWDG_SetWindowValue), (40 bytes).
    Removing delay.o(i.Delay_ms), (24 bytes).
    Removing delay.o(i.Delay_s), (24 bytes).
    Removing delay.o(i.Delay_us), (46 bytes).
    Removing motor.o(i.Back_Up), (56 bytes).
    Removing motor.o(i.Go_Forward), (28 bytes).
    Removing motor.o(i.Left_Turn_Self), (32 bytes).
    Removing motor.o(i.Manual_Mode), (164 bytes).
    Removing motor.o(i.Motor_Init), (152 bytes).
    Removing motor.o(i.PWM8_Init), (208 bytes).
    Removing motor.o(i.Pan_Left), (32 bytes).
    Removing motor.o(i.Pan_Right), (32 bytes).
    Removing motor.o(i.Right_Turn_Self), (32 bytes).
    Removing motor.o(i.Set_PWM), (240 bytes).
    Removing motor.o(i.motor_Stop), (16 bytes).
    Removing encoder.o(i.Encoder_Init_TIM2), (228 bytes).
    Removing encoder.o(i.Encoder_Init_TIM3), (160 bytes).
    Removing encoder.o(i.Encoder_Init_TIM4), (156 bytes).
    Removing encoder.o(i.Encoder_Init_TIM5), (160 bytes).
    Removing control.o(.data), (64 bytes).
    Removing exti.o(i.TIM6_EXTI_Init), (112 bytes).
    Removing exti.o(i.TIM7_EXTI_Init), (108 bytes).
    Removing mpu6050.o(i.DMP_Init), (528 bytes).
    Removing mpu6050.o(i.MPU6050_getDeviceID), (24 bytes).
    Removing mpu6050.o(i.MPU6050_initialize), (40 bytes).
    Removing mpu6050.o(i.MPU6050_newValues), (500 bytes).
    Removing mpu6050.o(i.MPU6050_setClockSource), (20 bytes).
    Removing mpu6050.o(i.MPU6050_setFullScaleAccelRange), (20 bytes).
    Removing mpu6050.o(i.MPU6050_setFullScaleGyroRange), (20 bytes).
    Removing mpu6050.o(i.MPU6050_setI2CBypassEnabled), (18 bytes).
    Removing mpu6050.o(i.MPU6050_setI2CMasterModeEnabled), (18 bytes).
    Removing mpu6050.o(i.MPU6050_setSleepEnabled), (18 bytes).
    Removing mpu6050.o(i.MPU6050_testConnection), (18 bytes).
    Removing mpu6050.o(i.Read_DMP), (604 bytes).
    Removing mpu6050.o(i.Read_Temperature), (128 bytes).
    Removing mpu6050.o(i.inv_orientation_matrix_to_scalar), (40 bytes).
    Removing mpu6050.o(i.inv_row_2_scale), (78 bytes).
    Removing mpu6050.o(i.run_self_test), (188 bytes).
    Removing mpu6050.o(.bss), (146 bytes).
    Removing mpu6050.o(.data), (60 bytes).
    Removing my_pid.o(i.IncrementalPID_SpeedControl_A), (244 bytes).
    Removing my_pid.o(i.IncrementalPID_SpeedControl_B), (244 bytes).
    Removing my_pid.o(i.IncrementalPID_SpeedControl_C), (244 bytes).
    Removing my_pid.o(i.IncrementalPID_SpeedControl_D), (244 bytes).
    Removing my_pid.o(i.PositionalPID_SpeedControl_A), (244 bytes).
    Removing my_pid.o(i.PositionalPID_SpeedControl_B), (244 bytes).
    Removing my_pid.o(i.PositionalPID_SpeedControl_C), (244 bytes).
    Removing my_pid.o(i.PositionalPID_SpeedControl_D), (244 bytes).
    Removing my_math.o(i.My_Sqrt), (38 bytes).
    Removing my_math.o(i.abs_double), (34 bytes).
    Removing my_math.o(i.abs_float), (24 bytes).
    Removing my_math.o(i.abs_int), (14 bytes).
    Removing my_math.o(i.abs_int16), (16 bytes).
    Removing my_usart.o(i.Serial_Analysis), (100 bytes).
    Removing my_usart.o(i.my_Receive_Data), (132 bytes).
    Removing my_usart.o(.bss), (140 bytes).
    Removing my_usart.o(.data), (2 bytes).
    Removing serial.o(.data), (1 bytes).
    Removing servo.o(i.Climbing_Action_Perform1), (432 bytes).
    Removing servo.o(i.TransformForwardToReverse), (128 bytes).
    Removing servo.o(i.TransformReverseToForward), (112 bytes).
    Removing servo.o(i.initServosToForwardPose), (60 bytes).
    Removing inv_mpu.o(i.accel_self_test), (168 bytes).
    Removing inv_mpu.o(i.get_accel_prod_shift), (180 bytes).
    Removing inv_mpu.o(i.get_st_biases), (1132 bytes).
    Removing inv_mpu.o(i.gyro_self_test), (272 bytes).
    Removing inv_mpu.o(i.mpu_configure_fifo), (112 bytes).
    Removing inv_mpu.o(i.mpu_get_accel_fsr), (76 bytes).
    Removing inv_mpu.o(i.mpu_get_accel_reg), (116 bytes).
    Removing inv_mpu.o(i.mpu_get_accel_sens), (84 bytes).
    Removing inv_mpu.o(i.mpu_get_compass_fsr), (8 bytes).
    Removing inv_mpu.o(i.mpu_get_compass_reg), (8 bytes).
    Removing inv_mpu.o(i.mpu_get_compass_sample_rate), (10 bytes).
    Removing inv_mpu.o(i.mpu_get_dmp_state), (20 bytes).
    Removing inv_mpu.o(i.mpu_get_fifo_config), (16 bytes).
    Removing inv_mpu.o(i.mpu_get_gyro_fsr), (68 bytes).
    Removing inv_mpu.o(i.mpu_get_gyro_reg), (116 bytes).
    Removing inv_mpu.o(i.mpu_get_gyro_sens), (80 bytes).
    Removing inv_mpu.o(i.mpu_get_int_status), (68 bytes).
    Removing inv_mpu.o(i.mpu_get_lpf), (80 bytes).
    Removing inv_mpu.o(i.mpu_get_power_state), (28 bytes).
    Removing inv_mpu.o(i.mpu_get_sample_rate), (32 bytes).
    Removing inv_mpu.o(i.mpu_get_temperature), (160 bytes).
    Removing inv_mpu.o(i.mpu_init), (496 bytes).
    Removing inv_mpu.o(i.mpu_load_firmware), (184 bytes).
    Removing inv_mpu.o(i.mpu_lp_accel_mode), (224 bytes).
    Removing inv_mpu.o(i.mpu_lp_motion_interrupt), (516 bytes).
    Removing inv_mpu.o(i.mpu_read_fifo), (504 bytes).
    Removing inv_mpu.o(i.mpu_read_fifo_stream), (192 bytes).
    Removing inv_mpu.o(i.mpu_read_mem), (128 bytes).
    Removing inv_mpu.o(i.mpu_read_reg), (72 bytes).
    Removing inv_mpu.o(i.mpu_reg_dump), (76 bytes).
    Removing inv_mpu.o(i.mpu_reset_fifo), (444 bytes).
    Removing inv_mpu.o(i.mpu_run_self_test), (284 bytes).
    Removing inv_mpu.o(i.mpu_set_accel_bias), (384 bytes).
    Removing inv_mpu.o(i.mpu_set_accel_fsr), (132 bytes).
    Removing inv_mpu.o(i.mpu_set_bypass), (332 bytes).
    Removing inv_mpu.o(i.mpu_set_compass_sample_rate), (8 bytes).
    Removing inv_mpu.o(i.mpu_set_dmp_state), (144 bytes).
    Removing inv_mpu.o(i.mpu_set_gyro_fsr), (136 bytes).
    Removing inv_mpu.o(i.mpu_set_int_latched), (108 bytes).
    Removing inv_mpu.o(i.mpu_set_int_level), (16 bytes).
    Removing inv_mpu.o(i.mpu_set_lpf), (132 bytes).
    Removing inv_mpu.o(i.mpu_set_sample_rate), (156 bytes).
    Removing inv_mpu.o(i.mpu_set_sensors), (208 bytes).
    Removing inv_mpu.o(i.mpu_write_mem), (128 bytes).
    Removing inv_mpu.o(i.myget_ms), (2 bytes).
    Removing inv_mpu.o(i.set_int_enable), (144 bytes).
    Removing inv_mpu.o(.constdata), (80 bytes).
    Removing inv_mpu.o(.conststring), (78 bytes).
    Removing inv_mpu.o(.data), (44 bytes).
    Removing inv_mpu_dmp_motion_driver.o(i.decode_gesture), (100 bytes).
    Removing inv_mpu_dmp_motion_driver.o(i.dmp_enable_6x_lp_quat), (60 bytes).
    Removing inv_mpu_dmp_motion_driver.o(i.dmp_enable_feature), (540 bytes).
    Removing inv_mpu_dmp_motion_driver.o(i.dmp_enable_gyro_cal), (88 bytes).
    Removing inv_mpu_dmp_motion_driver.o(i.dmp_enable_lp_quat), (60 bytes).
    Removing inv_mpu_dmp_motion_driver.o(i.dmp_get_enabled_features), (16 bytes).
    Removing inv_mpu_dmp_motion_driver.o(i.dmp_get_fifo_rate), (16 bytes).
    Removing inv_mpu_dmp_motion_driver.o(i.dmp_get_pedometer_step_count), (66 bytes).
    Removing inv_mpu_dmp_motion_driver.o(i.dmp_get_pedometer_walk_time), (72 bytes).
    Removing inv_mpu_dmp_motion_driver.o(i.dmp_load_motion_driver_firmware), (24 bytes).
    Removing inv_mpu_dmp_motion_driver.o(i.dmp_read_fifo), (460 bytes).
    Removing inv_mpu_dmp_motion_driver.o(i.dmp_register_android_orient_cb), (16 bytes).
    Removing inv_mpu_dmp_motion_driver.o(i.dmp_register_tap_cb), (16 bytes).
    Removing inv_mpu_dmp_motion_driver.o(i.dmp_set_accel_bias), (304 bytes).
    Removing inv_mpu_dmp_motion_driver.o(i.dmp_set_fifo_rate), (112 bytes).
    Removing inv_mpu_dmp_motion_driver.o(i.dmp_set_gyro_bias), (304 bytes).
    Removing inv_mpu_dmp_motion_driver.o(i.dmp_set_interrupt_mode), (92 bytes).
    Removing inv_mpu_dmp_motion_driver.o(i.dmp_set_orientation), (312 bytes).
    Removing inv_mpu_dmp_motion_driver.o(i.dmp_set_pedometer_step_count), (42 bytes).
    Removing inv_mpu_dmp_motion_driver.o(i.dmp_set_pedometer_walk_time), (48 bytes).
    Removing inv_mpu_dmp_motion_driver.o(i.dmp_set_shake_reject_thresh), (56 bytes).
    Removing inv_mpu_dmp_motion_driver.o(i.dmp_set_shake_reject_time), (38 bytes).
    Removing inv_mpu_dmp_motion_driver.o(i.dmp_set_shake_reject_timeout), (38 bytes).
    Removing inv_mpu_dmp_motion_driver.o(i.dmp_set_tap_axes), (70 bytes).
    Removing inv_mpu_dmp_motion_driver.o(i.dmp_set_tap_count), (38 bytes).
    Removing inv_mpu_dmp_motion_driver.o(i.dmp_set_tap_thresh), (416 bytes).
    Removing inv_mpu_dmp_motion_driver.o(i.dmp_set_tap_time), (38 bytes).
    Removing inv_mpu_dmp_motion_driver.o(i.dmp_set_tap_time_multi), (38 bytes).
    Removing inv_mpu_dmp_motion_driver.o(.bss), (16 bytes).
    Removing inv_mpu_dmp_motion_driver.o(.constdata), (3062 bytes).
    Removing ioi2c.o(i.I2C_ReadOneByte), (70 bytes).
    Removing ioi2c.o(i.IIC_Ack), (76 bytes).
    Removing ioi2c.o(i.IIC_Init), (44 bytes).
    Removing ioi2c.o(i.IIC_NAck), (76 bytes).
    Removing ioi2c.o(i.IIC_Read_Byte), (112 bytes).
    Removing ioi2c.o(i.IIC_Send_Byte), (100 bytes).
    Removing ioi2c.o(i.IIC_Start), (104 bytes).
    Removing ioi2c.o(i.IIC_Stop), (72 bytes).
    Removing ioi2c.o(i.IIC_Wait_Ack), (104 bytes).
    Removing ioi2c.o(i.IICreadByte), (22 bytes).
    Removing ioi2c.o(i.IICreadBytes), (100 bytes).
    Removing ioi2c.o(i.IICwriteBit), (64 bytes).
    Removing ioi2c.o(i.IICwriteBits), (106 bytes).
    Removing ioi2c.o(i.IICwriteByte), (20 bytes).
    Removing ioi2c.o(i.IICwriteBytes), (70 bytes).
    Removing ioi2c.o(i.i2cRead), (118 bytes).
    Removing ioi2c.o(i.i2cWrite), (96 bytes).
    Removing sys.o(.emb_text), (6 bytes).
    Removing sys.o(i.INTX_DISABLE), (4 bytes).
    Removing sys.o(i.INTX_ENABLE), (4 bytes).
    Removing sys.o(i.WFI_SET), (4 bytes).
    Removing usart.o(i.Serial_GetRxFlag), (28 bytes).
    Removing usart.o(i.USART1_Init), (136 bytes).
    Removing usart.o(i.USART2_Init), (164 bytes).
    Removing usart.o(i.USART4_Init), (168 bytes).
    Removing usart.o(i.fputc), (52 bytes).
    Removing usart.o(.bss), (24 bytes).
    Removing oled.o(i.OLED_Clear), (40 bytes).
    Removing oled.o(i.OLED_ClearArea), (144 bytes).
    Removing oled.o(i.OLED_DrawArc), (618 bytes).
    Removing oled.o(i.OLED_DrawCircle), (352 bytes).
    Removing oled.o(i.OLED_DrawEllipse), (812 bytes).
    Removing oled.o(i.OLED_DrawLine), (374 bytes).
    Removing oled.o(i.OLED_DrawPoint), (80 bytes).
    Removing oled.o(i.OLED_DrawRectangle), (142 bytes).
    Removing oled.o(i.OLED_DrawTriangle), (232 bytes).
    Removing oled.o(i.OLED_GPIO_Init), (96 bytes).
    Removing oled.o(i.OLED_GetPoint), (68 bytes).
    Removing oled.o(i.OLED_I2C_SendByte), (62 bytes).
    Removing oled.o(i.OLED_I2C_Start), (28 bytes).
    Removing oled.o(i.OLED_I2C_Stop), (22 bytes).
    Removing oled.o(i.OLED_Init), (154 bytes).
    Removing oled.o(i.OLED_IsInAngle), (124 bytes).
    Removing oled.o(i.OLED_Pow), (20 bytes).
    Removing oled.o(i.OLED_Printf), (50 bytes).
    Removing oled.o(i.OLED_Reverse), (52 bytes).
    Removing oled.o(i.OLED_ReverseArea), (144 bytes).
    Removing oled.o(i.OLED_SetCursor), (34 bytes).
    Removing oled.o(i.OLED_ShowBinNum), (70 bytes).
    Removing oled.o(i.OLED_ShowChar), (84 bytes).
    Removing oled.o(i.OLED_ShowFloatNum), (210 bytes).
    Removing oled.o(i.OLED_ShowHexNum), (96 bytes).
    Removing oled.o(i.OLED_ShowImage), (252 bytes).
    Removing oled.o(i.OLED_ShowNum), (76 bytes).
    Removing oled.o(i.OLED_ShowSignedNum), (112 bytes).
    Removing oled.o(i.OLED_ShowString), (452 bytes).
    Removing oled.o(i.OLED_Update), (40 bytes).
    Removing oled.o(i.OLED_UpdateArea), (124 bytes).
    Removing oled.o(i.OLED_W_SCL), (24 bytes).
    Removing oled.o(i.OLED_W_SDA), (24 bytes).
    Removing oled.o(i.OLED_WriteCommand), (32 bytes).
    Removing oled.o(i.OLED_WriteData), (46 bytes).
    Removing oled.o(i.OLED_pnpoly), (140 bytes).
    Removing oled.o(.bss), (1024 bytes).
    Removing oled_data.o(.constdata), (5335 bytes).
    Removing pstwo.o(i.PS2_AnologData), (12 bytes).
    Removing pstwo.o(i.PS2_ClearData), (24 bytes).
    Removing pstwo.o(i.PS2_Cmd), (136 bytes).
    Removing pstwo.o(i.PS2_DataKey), (84 bytes).
    Removing pstwo.o(i.PS2_Init), (72 bytes).
    Removing pstwo.o(i.PS2_ReadData), (176 bytes).
    Removing pstwo.o(i.PS2_RedLight), (64 bytes).
    Removing pstwo.o(.bss), (9 bytes).
    Removing pstwo.o(.data), (36 bytes).
    Removing dadd.o(.text), (334 bytes).
    Removing dmul.o(.text), (228 bytes).
    Removing ddiv.o(.text), (222 bytes).
    Removing dflti.o(.text), (34 bytes).
    Removing dfltui.o(.text), (26 bytes).
    Removing dfixi.o(.text), (62 bytes).
    Removing dfixui.o(.text), (50 bytes).
    Removing d2f.o(.text), (56 bytes).
    Removing depilogue.o(.text), (186 bytes).
    Removing dscalb.o(.text), (46 bytes).
    Removing dsqrt.o(.text), (162 bytes).
    Removing drnd.o(.text), (136 bytes).
    Removing dfixul.o(.text), (48 bytes).

675 unused section(s) (total 56597 bytes) removed from the image.

==============================================================================

Image Symbol Table

    Local Symbols

    Symbol Name                              Value     Ov Type        Size  Object(Section)

    ../clib/../cmprslib/zerorunl2.c          0x00000000   Number         0  __dczerorl2.o ABSOLUTE
    ../clib/microlib/division.c              0x00000000   Number         0  uldiv.o ABSOLUTE
    ../clib/microlib/division.c              0x00000000   Number         0  uidiv.o ABSOLUTE
    ../clib/microlib/division.c              0x00000000   Number         0  ldiv.o ABSOLUTE
    ../clib/microlib/errno.c                 0x00000000   Number         0  errno.o ABSOLUTE
    ../clib/microlib/init/entry.s            0x00000000   Number         0  entry10a.o ABSOLUTE
    ../clib/microlib/init/entry.s            0x00000000   Number         0  entry12a.o ABSOLUTE
    ../clib/microlib/init/entry.s            0x00000000   Number         0  entry8a.o ABSOLUTE
    ../clib/microlib/init/entry.s            0x00000000   Number         0  entry12b.o ABSOLUTE
    ../clib/microlib/init/entry.s            0x00000000   Number         0  entry11a.o ABSOLUTE
    ../clib/microlib/init/entry.s            0x00000000   Number         0  entry11b.o ABSOLUTE
    ../clib/microlib/init/entry.s            0x00000000   Number         0  entry7b.o ABSOLUTE
    ../clib/microlib/init/entry.s            0x00000000   Number         0  entry.o ABSOLUTE
    ../clib/microlib/init/entry.s            0x00000000   Number         0  entry7a.o ABSOLUTE
    ../clib/microlib/init/entry.s            0x00000000   Number         0  entry5.o ABSOLUTE
    ../clib/microlib/init/entry.s            0x00000000   Number         0  entry10b.o ABSOLUTE
    ../clib/microlib/init/entry.s            0x00000000   Number         0  entry8b.o ABSOLUTE
    ../clib/microlib/init/entry.s            0x00000000   Number         0  entry9a.o ABSOLUTE
    ../clib/microlib/init/entry.s            0x00000000   Number         0  entry2.o ABSOLUTE
    ../clib/microlib/init/entry.s            0x00000000   Number         0  entry9b.o ABSOLUTE
    ../clib/microlib/longlong.c              0x00000000   Number         0  llsshr.o ABSOLUTE
    ../clib/microlib/longlong.c              0x00000000   Number         0  llushr.o ABSOLUTE
    ../clib/microlib/longlong.c              0x00000000   Number         0  llshl.o ABSOLUTE
    ../clib/microlib/printf/printf.c         0x00000000   Number         0  printf3.o ABSOLUTE
    ../clib/microlib/printf/printf.c         0x00000000   Number         0  printf4.o ABSOLUTE
    ../clib/microlib/printf/printf.c         0x00000000   Number         0  printf6.o ABSOLUTE
    ../clib/microlib/printf/printf.c         0x00000000   Number         0  printf7.o ABSOLUTE
    ../clib/microlib/printf/printf.c         0x00000000   Number         0  printf8.o ABSOLUTE
    ../clib/microlib/printf/printf.c         0x00000000   Number         0  printfa.o ABSOLUTE
    ../clib/microlib/printf/printf.c         0x00000000   Number         0  printf5.o ABSOLUTE
    ../clib/microlib/printf/printf.c         0x00000000   Number         0  printfb.o ABSOLUTE
    ../clib/microlib/printf/printf.c         0x00000000   Number         0  printf0.o ABSOLUTE
    ../clib/microlib/printf/printf.c         0x00000000   Number         0  printf1.o ABSOLUTE
    ../clib/microlib/printf/printf.c         0x00000000   Number         0  printf2.o ABSOLUTE
    ../clib/microlib/printf/stubs.s          0x00000000   Number         0  stubs.o ABSOLUTE
    ../clib/microlib/stdio/streams.c         0x00000000   Number         0  stdout.o ABSOLUTE
    ../clib/microlib/string/memcmp.c         0x00000000   Number         0  memcmp.o ABSOLUTE
    ../clib/microlib/string/memset.c         0x00000000   Number         0  memseta.o ABSOLUTE
    ../clib/microlib/string/strcmp.c         0x00000000   Number         0  strcmp.o ABSOLUTE
    ../clib/microlib/stubs.s                 0x00000000   Number         0  iusefp.o ABSOLUTE
    ../fplib/microlib/d2f.c                  0x00000000   Number         0  d2f.o ABSOLUTE
    ../fplib/microlib/f2d.c                  0x00000000   Number         0  f2d.o ABSOLUTE
    ../fplib/microlib/fpadd.c                0x00000000   Number         0  fadd.o ABSOLUTE
    ../fplib/microlib/fpadd.c                0x00000000   Number         0  dadd.o ABSOLUTE
    ../fplib/microlib/fpdiv.c                0x00000000   Number         0  fdiv.o ABSOLUTE
    ../fplib/microlib/fpdiv.c                0x00000000   Number         0  ddiv.o ABSOLUTE
    ../fplib/microlib/fpepilogue.c           0x00000000   Number         0  depilogue.o ABSOLUTE
    ../fplib/microlib/fpepilogue.c           0x00000000   Number         0  fepilogue.o ABSOLUTE
    ../fplib/microlib/fpfix.c                0x00000000   Number         0  ffixi.o ABSOLUTE
    ../fplib/microlib/fpfix.c                0x00000000   Number         0  ffixui.o ABSOLUTE
    ../fplib/microlib/fpfix.c                0x00000000   Number         0  dfixi.o ABSOLUTE
    ../fplib/microlib/fpfix.c                0x00000000   Number         0  dfixui.o ABSOLUTE
    ../fplib/microlib/fpfix.c                0x00000000   Number         0  dfixul.o ABSOLUTE
    ../fplib/microlib/fpflt.c                0x00000000   Number         0  fflti.o ABSOLUTE
    ../fplib/microlib/fpflt.c                0x00000000   Number         0  dfltui.o ABSOLUTE
    ../fplib/microlib/fpflt.c                0x00000000   Number         0  dflti.o ABSOLUTE
    ../fplib/microlib/fpflt.c                0x00000000   Number         0  ffltui.o ABSOLUTE
    ../fplib/microlib/fpmul.c                0x00000000   Number         0  fmul.o ABSOLUTE
    ../fplib/microlib/fpmul.c                0x00000000   Number         0  dmul.o ABSOLUTE
    ../fplib/microlib/fprnd.c                0x00000000   Number         0  frnd.o ABSOLUTE
    ../fplib/microlib/fprnd.c                0x00000000   Number         0  drnd.o ABSOLUTE
    ../fplib/microlib/fpscalb.c              0x00000000   Number         0  dscalb.o ABSOLUTE
    ../fplib/microlib/fpscalb.c              0x00000000   Number         0  fscalb.o ABSOLUTE
    ../fplib/microlib/fpsqrt.c               0x00000000   Number         0  dsqrt.o ABSOLUTE
    ../mathlib/asin.c                        0x00000000   Number         0  asin_x.o ABSOLUTE
    ../mathlib/asin.c                        0x00000000   Number         0  asin.o ABSOLUTE
    ../mathlib/atan.c                        0x00000000   Number         0  atan_x.o ABSOLUTE
    ../mathlib/atan.c                        0x00000000   Number         0  atan.o ABSOLUTE
    ../mathlib/atan2.c                       0x00000000   Number         0  atan2_x.o ABSOLUTE
    ../mathlib/atan2.c                       0x00000000   Number         0  atan2.o ABSOLUTE
    ../mathlib/cosf.c                        0x00000000   Number         0  cosf_x.o ABSOLUTE
    ../mathlib/cosf.c                        0x00000000   Number         0  cosf.o ABSOLUTE
    ../mathlib/dunder.c                      0x00000000   Number         0  dunder.o ABSOLUTE
    ../mathlib/fpclassify.c                  0x00000000   Number         0  fpclassify.o ABSOLUTE
    ../mathlib/funder.c                      0x00000000   Number         0  funder.o ABSOLUTE
    ../mathlib/poly.c                        0x00000000   Number         0  poly.o ABSOLUTE
    ../mathlib/qnan.c                        0x00000000   Number         0  qnan.o ABSOLUTE
    ../mathlib/round.c                       0x00000000   Number         0  round.o ABSOLUTE
    ../mathlib/rredf.c                       0x00000000   Number         0  rredf.o ABSOLUTE
    ../mathlib/sqrt.c                        0x00000000   Number         0  sqrt.o ABSOLUTE
    ../mathlib/sqrt.c                        0x00000000   Number         0  sqrt_x.o ABSOLUTE
    Hardware\IOI2C.c                         0x00000000   Number         0  ioi2c.o ABSOLUTE
    Hardware\Key.c                           0x00000000   Number         0  key.o ABSOLUTE
    Hardware\MPU6050.c                       0x00000000   Number         0  mpu6050.o ABSOLUTE
    Hardware\My_Math.c                       0x00000000   Number         0  my_math.o ABSOLUTE
    Hardware\My_PID.c                        0x00000000   Number         0  my_pid.o ABSOLUTE
    Hardware\My_Usart.c                      0x00000000   Number         0  my_usart.o ABSOLUTE
    Hardware\OLED.c                          0x00000000   Number         0  oled.o ABSOLUTE
    Hardware\OLED_Data.c                     0x00000000   Number         0  oled_data.o ABSOLUTE
    Hardware\Serial.c                        0x00000000   Number         0  serial.o ABSOLUTE
    Hardware\Servo.c                         0x00000000   Number         0  servo.o ABSOLUTE
    Hardware\\sys.c                          0x00000000   Number         0  sys.o ABSOLUTE
    Hardware\control.c                       0x00000000   Number         0  control.o ABSOLUTE
    Hardware\encoder.c                       0x00000000   Number         0  encoder.o ABSOLUTE
    Hardware\exti.c                          0x00000000   Number         0  exti.o ABSOLUTE
    Hardware\inv_mpu.c                       0x00000000   Number         0  inv_mpu.o ABSOLUTE
    Hardware\inv_mpu_dmp_motion_driver.c     0x00000000   Number         0  inv_mpu_dmp_motion_driver.o ABSOLUTE
    Hardware\motor.c                         0x00000000   Number         0  motor.o ABSOLUTE
    Hardware\pstwo.c                         0x00000000   Number         0  pstwo.o ABSOLUTE
    Hardware\sys.c                           0x00000000   Number         0  sys.o ABSOLUTE
    Hardware\usart.c                         0x00000000   Number         0  usart.o ABSOLUTE
    Library\misc.c                           0x00000000   Number         0  misc.o ABSOLUTE
    Library\stm32f10x_adc.c                  0x00000000   Number         0  stm32f10x_adc.o ABSOLUTE
    Library\stm32f10x_bkp.c                  0x00000000   Number         0  stm32f10x_bkp.o ABSOLUTE
    Library\stm32f10x_can.c                  0x00000000   Number         0  stm32f10x_can.o ABSOLUTE
    Library\stm32f10x_cec.c                  0x00000000   Number         0  stm32f10x_cec.o ABSOLUTE
    Library\stm32f10x_crc.c                  0x00000000   Number         0  stm32f10x_crc.o ABSOLUTE
    Library\stm32f10x_dac.c                  0x00000000   Number         0  stm32f10x_dac.o ABSOLUTE
    Library\stm32f10x_dbgmcu.c               0x00000000   Number         0  stm32f10x_dbgmcu.o ABSOLUTE
    Library\stm32f10x_dma.c                  0x00000000   Number         0  stm32f10x_dma.o ABSOLUTE
    Library\stm32f10x_exti.c                 0x00000000   Number         0  stm32f10x_exti.o ABSOLUTE
    Library\stm32f10x_flash.c                0x00000000   Number         0  stm32f10x_flash.o ABSOLUTE
    Library\stm32f10x_fsmc.c                 0x00000000   Number         0  stm32f10x_fsmc.o ABSOLUTE
    Library\stm32f10x_gpio.c                 0x00000000   Number         0  stm32f10x_gpio.o ABSOLUTE
    Library\stm32f10x_i2c.c                  0x00000000   Number         0  stm32f10x_i2c.o ABSOLUTE
    Library\stm32f10x_iwdg.c                 0x00000000   Number         0  stm32f10x_iwdg.o ABSOLUTE
    Library\stm32f10x_pwr.c                  0x00000000   Number         0  stm32f10x_pwr.o ABSOLUTE
    Library\stm32f10x_rcc.c                  0x00000000   Number         0  stm32f10x_rcc.o ABSOLUTE
    Library\stm32f10x_rtc.c                  0x00000000   Number         0  stm32f10x_rtc.o ABSOLUTE
    Library\stm32f10x_sdio.c                 0x00000000   Number         0  stm32f10x_sdio.o ABSOLUTE
    Library\stm32f10x_spi.c                  0x00000000   Number         0  stm32f10x_spi.o ABSOLUTE
    Library\stm32f10x_tim.c                  0x00000000   Number         0  stm32f10x_tim.o ABSOLUTE
    Library\stm32f10x_usart.c                0x00000000   Number         0  stm32f10x_usart.o ABSOLUTE
    Library\stm32f10x_wwdg.c                 0x00000000   Number         0  stm32f10x_wwdg.o ABSOLUTE
    Start\\core_cm3.c                        0x00000000   Number         0  core_cm3.o ABSOLUTE
    Start\core_cm3.c                         0x00000000   Number         0  core_cm3.o ABSOLUTE
    Start\startup_stm32f10x_hd.s             0x00000000   Number         0  startup_stm32f10x_hd.o ABSOLUTE
    Start\system_stm32f10x.c                 0x00000000   Number         0  system_stm32f10x.o ABSOLUTE
    System\Delay.c                           0x00000000   Number         0  delay.o ABSOLUTE
    User\main.c                              0x00000000   Number         0  main.o ABSOLUTE
    User\stm32f10x_it.c                      0x00000000   Number         0  stm32f10x_it.o ABSOLUTE
    cdcmple.s                                0x00000000   Number         0  cdcmple.o ABSOLUTE
    cdrcmple.s                               0x00000000   Number         0  cdrcmple.o ABSOLUTE
    cfcmple.s                                0x00000000   Number         0  cfcmple.o ABSOLUTE
    cfrcmple.s                               0x00000000   Number         0  cfrcmple.o ABSOLUTE
    dc.s                                     0x00000000   Number         0  dc.o ABSOLUTE
    handlers.s                               0x00000000   Number         0  handlers.o ABSOLUTE
    init.s                                   0x00000000   Number         0  init.o ABSOLUTE
    RESET                                    0x08000000   Section      304  startup_stm32f10x_hd.o(RESET)
    .ARM.Collect$$$$00000000                 0x08000130   Section        0  entry.o(.ARM.Collect$$$$00000000)
    .ARM.Collect$$$$00000001                 0x08000130   Section        4  entry2.o(.ARM.Collect$$$$00000001)
    .ARM.Collect$$$$00000004                 0x08000134   Section        4  entry5.o(.ARM.Collect$$$$00000004)
    .ARM.Collect$$$$00000008                 0x08000138   Section        0  entry7b.o(.ARM.Collect$$$$00000008)
    .ARM.Collect$$$$0000000A                 0x08000138   Section        0  entry8b.o(.ARM.Collect$$$$0000000A)
    .ARM.Collect$$$$0000000B                 0x08000138   Section        8  entry9a.o(.ARM.Collect$$$$0000000B)
    .ARM.Collect$$$$0000000E                 0x08000140   Section        4  entry12b.o(.ARM.Collect$$$$0000000E)
    .ARM.Collect$$$$0000000F                 0x08000144   Section        0  entry10a.o(.ARM.Collect$$$$0000000F)
    .ARM.Collect$$$$00000011                 0x08000144   Section        0  entry11a.o(.ARM.Collect$$$$00000011)
    .ARM.Collect$$$$00002712                 0x08000144   Section        4  entry2.o(.ARM.Collect$$$$00002712)
    __lit__00000000                          0x08000144   Data           4  entry2.o(.ARM.Collect$$$$00002712)
    .text                                    0x08000148   Section       36  startup_stm32f10x_hd.o(.text)
    .text                                    0x0800016c   Section        0  fadd.o(.text)
    .text                                    0x0800021c   Section        0  fmul.o(.text)
    .text                                    0x08000280   Section        0  fdiv.o(.text)
    .text                                    0x080002fc   Section        0  fflti.o(.text)
    .text                                    0x0800030e   Section        0  ffltui.o(.text)
    .text                                    0x08000318   Section        0  ffixi.o(.text)
    .text                                    0x0800034a   Section        0  ffixui.o(.text)
    .text                                    0x08000372   Section        0  f2d.o(.text)
    .text                                    0x08000398   Section       48  cdcmple.o(.text)
    .text                                    0x080003c8   Section       48  cdrcmple.o(.text)
    .text                                    0x080003f8   Section       20  cfcmple.o(.text)
    .text                                    0x0800040c   Section       20  cfrcmple.o(.text)
    .text                                    0x08000420   Section        0  iusefp.o(.text)
    .text                                    0x08000420   Section        0  fepilogue.o(.text)
    .text                                    0x0800048e   Section        0  frnd.o(.text)
    .text                                    0x080004cc   Section       36  init.o(.text)
    .text                                    0x080004f0   Section        0  fscalb.o(.text)
    .text                                    0x08000508   Section        0  __dczerorl2.o(.text)
    i.BusFault_Handler                       0x0800055e   Section        0  stm32f10x_it.o(i.BusFault_Handler)
    i.DebugMon_Handler                       0x08000562   Section        0  stm32f10x_it.o(i.DebugMon_Handler)
    i.Encoder_Get1                           0x08000564   Section        0  encoder.o(i.Encoder_Get1)
    i.Encoder_Get2                           0x08000580   Section        0  encoder.o(i.Encoder_Get2)
    i.Encoder_Get3                           0x0800059c   Section        0  encoder.o(i.Encoder_Get3)
    i.Encoder_Get4                           0x080005b8   Section        0  encoder.o(i.Encoder_Get4)
    i.GPIO_Init                              0x080005d4   Section        0  stm32f10x_gpio.o(i.GPIO_Init)
    i.GPIO_PinRemapConfig                    0x080006ec   Section        0  stm32f10x_gpio.o(i.GPIO_PinRemapConfig)
    i.HardFault_Handler                      0x0800077c   Section        0  stm32f10x_it.o(i.HardFault_Handler)
    i.MemManage_Handler                      0x08000780   Section        0  stm32f10x_it.o(i.MemManage_Handler)
    i.NMI_Handler                            0x08000784   Section        0  stm32f10x_it.o(i.NMI_Handler)
    i.NVIC_Init                              0x08000788   Section        0  misc.o(i.NVIC_Init)
    i.PendSV_Handler                         0x080007f8   Section        0  stm32f10x_it.o(i.PendSV_Handler)
    i.PositionalPID_PositionControl_A        0x080007fc   Section        0  my_pid.o(i.PositionalPID_PositionControl_A)
    i.PositionalPID_PositionControl_B        0x0800090c   Section        0  my_pid.o(i.PositionalPID_PositionControl_B)
    i.PositionalPID_PositionControl_C        0x08000a1c   Section        0  my_pid.o(i.PositionalPID_PositionControl_C)
    i.PositionalPID_PositionControl_D        0x08000b2c   Section        0  my_pid.o(i.PositionalPID_PositionControl_D)
    i.RCC_APB1PeriphClockCmd                 0x08000c3c   Section        0  stm32f10x_rcc.o(i.RCC_APB1PeriphClockCmd)
    i.RCC_APB2PeriphClockCmd                 0x08000c5c   Section        0  stm32f10x_rcc.o(i.RCC_APB2PeriphClockCmd)
    i.SERVO_SetAngle                         0x08000c7c   Section        0  servo.o(i.SERVO_SetAngle)
    i.SERVO_TIM1_Init                        0x08000dac   Section        0  servo.o(i.SERVO_TIM1_Init)
    i.SERVO_TIM3_Init                        0x08000eb8   Section        0  servo.o(i.SERVO_TIM3_Init)
    i.SERVO_TIM4_Init                        0x08000f84   Section        0  servo.o(i.SERVO_TIM4_Init)
    i.SVC_Handler                            0x08001044   Section        0  stm32f10x_it.o(i.SVC_Handler)
    i.SetSysClock                            0x08001046   Section        0  system_stm32f10x.o(i.SetSysClock)
    SetSysClock                              0x08001047   Thumb Code     8  system_stm32f10x.o(i.SetSysClock)
    i.SetSysClockTo72                        0x08001050   Section        0  system_stm32f10x.o(i.SetSysClockTo72)
    SetSysClockTo72                          0x08001051   Thumb Code   214  system_stm32f10x.o(i.SetSysClockTo72)
    i.SysTick_Handler                        0x08001130   Section        0  stm32f10x_it.o(i.SysTick_Handler)
    i.SystemInit                             0x08001134   Section        0  system_stm32f10x.o(i.SystemInit)
    i.TIM1_UP_IRQHandler                     0x08001194   Section        0  servo.o(i.TIM1_UP_IRQHandler)
    i.TIM3_IRQHandler                        0x080011d0   Section        0  servo.o(i.TIM3_IRQHandler)
    i.TIM4_IRQHandler                        0x0800120c   Section        0  servo.o(i.TIM4_IRQHandler)
    i.TIM6_IRQHandler                        0x08001234   Section        0  main.o(i.TIM6_IRQHandler)
    i.TIM_ClearITPendingBit                  0x08001364   Section        0  stm32f10x_tim.o(i.TIM_ClearITPendingBit)
    i.TIM_Cmd                                0x0800136a   Section        0  stm32f10x_tim.o(i.TIM_Cmd)
    i.TIM_CtrlPWMOutputs                     0x08001382   Section        0  stm32f10x_tim.o(i.TIM_CtrlPWMOutputs)
    i.TIM_GetCounter                         0x080013a0   Section        0  stm32f10x_tim.o(i.TIM_GetCounter)
    i.TIM_GetITStatus                        0x080013a6   Section        0  stm32f10x_tim.o(i.TIM_GetITStatus)
    i.TIM_ITConfig                           0x080013c8   Section        0  stm32f10x_tim.o(i.TIM_ITConfig)
    i.TIM_OC1Init                            0x080013dc   Section        0  stm32f10x_tim.o(i.TIM_OC1Init)
    i.TIM_OC1PreloadConfig                   0x08001474   Section        0  stm32f10x_tim.o(i.TIM_OC1PreloadConfig)
    i.TIM_OC2Init                            0x08001488   Section        0  stm32f10x_tim.o(i.TIM_OC2Init)
    i.TIM_OC2PreloadConfig                   0x0800152c   Section        0  stm32f10x_tim.o(i.TIM_OC2PreloadConfig)
    i.TIM_OC3Init                            0x08001548   Section        0  stm32f10x_tim.o(i.TIM_OC3Init)
    i.TIM_OC3PreloadConfig                   0x080015e8   Section        0  stm32f10x_tim.o(i.TIM_OC3PreloadConfig)
    i.TIM_OC4Init                            0x080015fc   Section        0  stm32f10x_tim.o(i.TIM_OC4Init)
    i.TIM_OC4PreloadConfig                   0x08001678   Section        0  stm32f10x_tim.o(i.TIM_OC4PreloadConfig)
    i.TIM_OCStructInit                       0x08001692   Section        0  stm32f10x_tim.o(i.TIM_OCStructInit)
    i.TIM_SetCompare1                        0x080016a6   Section        0  stm32f10x_tim.o(i.TIM_SetCompare1)
    i.TIM_SetCompare2                        0x080016aa   Section        0  stm32f10x_tim.o(i.TIM_SetCompare2)
    i.TIM_SetCompare3                        0x080016ae   Section        0  stm32f10x_tim.o(i.TIM_SetCompare3)
    i.TIM_SetCompare4                        0x080016b2   Section        0  stm32f10x_tim.o(i.TIM_SetCompare4)
    i.TIM_SetCounter                         0x080016b8   Section        0  stm32f10x_tim.o(i.TIM_SetCounter)
    i.TIM_TimeBaseInit                       0x080016bc   Section        0  stm32f10x_tim.o(i.TIM_TimeBaseInit)
    i.UART4_IRQHandler                       0x08001760   Section        0  usart.o(i.UART4_IRQHandler)
    i.USART2_IRQHandler                      0x08001800   Section        0  usart.o(i.USART2_IRQHandler)
    i.USART_ClearITPendingBit                0x080018d4   Section        0  stm32f10x_usart.o(i.USART_ClearITPendingBit)
    i.USART_GetITStatus                      0x080018f2   Section        0  stm32f10x_usart.o(i.USART_GetITStatus)
    i.USART_ReceiveData                      0x08001946   Section        0  stm32f10x_usart.o(i.USART_ReceiveData)
    i.UsageFault_Handler                     0x08001950   Section        0  stm32f10x_it.o(i.UsageFault_Handler)
    i.__mathlib_flt_infnan                   0x08001954   Section        0  funder.o(i.__mathlib_flt_infnan)
    i.__mathlib_flt_invalid                  0x0800195a   Section        0  funder.o(i.__mathlib_flt_invalid)
    i.__mathlib_rredf2                       0x08001964   Section        0  rredf.o(i.__mathlib_rredf2)
    i.__scatterload_copy                     0x08001acc   Section       14  handlers.o(i.__scatterload_copy)
    i.__scatterload_null                     0x08001ada   Section        2  handlers.o(i.__scatterload_null)
    i.__scatterload_zeroinit                 0x08001adc   Section       14  handlers.o(i.__scatterload_zeroinit)
    i.__set_errno                            0x08001aec   Section        0  errno.o(i.__set_errno)
    i.cosf                                   0x08001af8   Section        0  cosf.o(i.cosf)
    i.main                                   0x08001c74   Section        0  main.o(i.main)
    i.sinusoidal_interpolation               0x08001c98   Section        0  servo.o(i.sinusoidal_interpolation)
    i.update_servo_ccr                       0x08001ce8   Section        0  servo.o(i.update_servo_ccr)
    .constdata                               0x08001da0   Section       32  rredf.o(.constdata)
    twooverpi                                0x08001da0   Data          32  rredf.o(.constdata)
    .data                                    0x20000000   Section      356  my_pid.o(.data)
    Pwm_Out                                  0x200000a4   Data           4  my_pid.o(.data)
    bias                                     0x200000a8   Data           4  my_pid.o(.data)
    bias_last                                0x200000ac   Data           4  my_pid.o(.data)
    bias_integral                            0x200000b0   Data           4  my_pid.o(.data)
    Pwm_Out                                  0x200000b4   Data           4  my_pid.o(.data)
    bias                                     0x200000b8   Data           4  my_pid.o(.data)
    bias_last                                0x200000bc   Data           4  my_pid.o(.data)
    bias_integral                            0x200000c0   Data           4  my_pid.o(.data)
    Pwm_Out                                  0x200000c4   Data           4  my_pid.o(.data)
    bias                                     0x200000c8   Data           4  my_pid.o(.data)
    bias_last                                0x200000cc   Data           4  my_pid.o(.data)
    bias_integral                            0x200000d0   Data           4  my_pid.o(.data)
    Pwm_Out                                  0x200000d4   Data           4  my_pid.o(.data)
    bias                                     0x200000d8   Data           4  my_pid.o(.data)
    bias_last                                0x200000dc   Data           4  my_pid.o(.data)
    bias_integral                            0x200000e0   Data           4  my_pid.o(.data)
    Pwm_Out                                  0x200000e4   Data           4  my_pid.o(.data)
    Error0                                   0x200000e8   Data           4  my_pid.o(.data)
    Error1                                   0x200000ec   Data           4  my_pid.o(.data)
    Error2                                   0x200000f0   Data           4  my_pid.o(.data)
    Pwm_Out                                  0x200000f4   Data           4  my_pid.o(.data)
    Error0                                   0x200000f8   Data           4  my_pid.o(.data)
    Error1                                   0x200000fc   Data           4  my_pid.o(.data)
    Error2                                   0x20000100   Data           4  my_pid.o(.data)
    Pwm_Out                                  0x20000104   Data           4  my_pid.o(.data)
    Error0                                   0x20000108   Data           4  my_pid.o(.data)
    Error1                                   0x2000010c   Data           4  my_pid.o(.data)
    Error2                                   0x20000110   Data           4  my_pid.o(.data)
    Pwm_Out                                  0x20000114   Data           4  my_pid.o(.data)
    Error0                                   0x20000118   Data           4  my_pid.o(.data)
    Error1                                   0x2000011c   Data           4  my_pid.o(.data)
    Error2                                   0x20000120   Data           4  my_pid.o(.data)
    Pwm_Out                                  0x20000124   Data           4  my_pid.o(.data)
    bias                                     0x20000128   Data           4  my_pid.o(.data)
    bias_last                                0x2000012c   Data           4  my_pid.o(.data)
    bias_integral                            0x20000130   Data           4  my_pid.o(.data)
    Pwm_Out                                  0x20000134   Data           4  my_pid.o(.data)
    bias                                     0x20000138   Data           4  my_pid.o(.data)
    bias_last                                0x2000013c   Data           4  my_pid.o(.data)
    bias_integral                            0x20000140   Data           4  my_pid.o(.data)
    Pwm_Out                                  0x20000144   Data           4  my_pid.o(.data)
    bias                                     0x20000148   Data           4  my_pid.o(.data)
    bias_last                                0x2000014c   Data           4  my_pid.o(.data)
    bias_integral                            0x20000150   Data           4  my_pid.o(.data)
    Pwm_Out                                  0x20000154   Data           4  my_pid.o(.data)
    bias                                     0x20000158   Data           4  my_pid.o(.data)
    bias_last                                0x2000015c   Data           4  my_pid.o(.data)
    bias_integral                            0x20000160   Data           4  my_pid.o(.data)
    .data                                    0x20000164   Section        5  servo.o(.data)
    current_state                            0x20000168   Data           1  servo.o(.data)
    .data                                    0x2000016c   Section       25  usart.o(.data)
    USART4_RX_STA                            0x20000183   Data           1  usart.o(.data)
    pRxPacket                                0x20000184   Data           1  usart.o(.data)
    .data                                    0x20000188   Section      114  main.o(.data)
    Count                                    0x200001f8   Data           2  main.o(.data)
    .data                                    0x200001fc   Section        4  errno.o(.data)
    _errno                                   0x200001fc   Data           4  errno.o(.data)
    .bss                                     0x20000200   Section       84  servo.o(.bss)
    STACK                                    0x20000258   Section     1024  startup_stm32f10x_hd.o(STACK)

    Global Symbols

    Symbol Name                              Value     Ov Type        Size  Object(Section)

    BuildAttributes$$THM_ISAv4$P$D$K$B$S$PE$A:L22UL41UL21$X:L11$S22US41US21$IEEE1$IW$USESV6$~STKCKD$USESV7$~SHL$OTIME$ROPI$IEEEX$EBA8$MICROLIB$REQ8$PRES8$EABIv2 0x00000000   Number         0  anon$$obj.o ABSOLUTE
    __ARM_use_no_argv                        0x00000000   Number         0  main.o ABSOLUTE
    _printf_a                                0x00000000   Number         0  stubs.o ABSOLUTE
    _printf_c                                0x00000000   Number         0  stubs.o ABSOLUTE
    _printf_charcount                        0x00000000   Number         0  stubs.o ABSOLUTE
    _printf_d                                0x00000000   Number         0  stubs.o ABSOLUTE
    _printf_e                                0x00000000   Number         0  stubs.o ABSOLUTE
    _printf_f                                0x00000000   Number         0  stubs.o ABSOLUTE
    _printf_flags                            0x00000000   Number         0  stubs.o ABSOLUTE
    _printf_fp_dec                           0x00000000   Number         0  stubs.o ABSOLUTE
    _printf_fp_hex                           0x00000000   Number         0  stubs.o ABSOLUTE
    _printf_g                                0x00000000   Number         0  stubs.o ABSOLUTE
    _printf_i                                0x00000000   Number         0  stubs.o ABSOLUTE
    _printf_int_dec                          0x00000000   Number         0  stubs.o ABSOLUTE
    _printf_l                                0x00000000   Number         0  stubs.o ABSOLUTE
    _printf_lc                               0x00000000   Number         0  stubs.o ABSOLUTE
    _printf_ll                               0x00000000   Number         0  stubs.o ABSOLUTE
    _printf_lld                              0x00000000   Number         0  stubs.o ABSOLUTE
    _printf_lli                              0x00000000   Number         0  stubs.o ABSOLUTE
    _printf_llo                              0x00000000   Number         0  stubs.o ABSOLUTE
    _printf_llu                              0x00000000   Number         0  stubs.o ABSOLUTE
    _printf_llx                              0x00000000   Number         0  stubs.o ABSOLUTE
    _printf_longlong_dec                     0x00000000   Number         0  stubs.o ABSOLUTE
    _printf_longlong_hex                     0x00000000   Number         0  stubs.o ABSOLUTE
    _printf_longlong_oct                     0x00000000   Number         0  stubs.o ABSOLUTE
    _printf_ls                               0x00000000   Number         0  stubs.o ABSOLUTE
    _printf_mbtowc                           0x00000000   Number         0  stubs.o ABSOLUTE
    _printf_n                                0x00000000   Number         0  stubs.o ABSOLUTE
    _printf_o                                0x00000000   Number         0  stubs.o ABSOLUTE
    _printf_p                                0x00000000   Number         0  stubs.o ABSOLUTE
    _printf_percent                          0x00000000   Number         0  stubs.o ABSOLUTE
    _printf_pre_padding                      0x00000000   Number         0  stubs.o ABSOLUTE
    _printf_return_value                     0x00000000   Number         0  stubs.o ABSOLUTE
    _printf_s                                0x00000000   Number         0  stubs.o ABSOLUTE
    _printf_sizespec                         0x00000000   Number         0  stubs.o ABSOLUTE
    _printf_str                              0x00000000   Number         0  stubs.o ABSOLUTE
    _printf_truncate_signed                  0x00000000   Number         0  stubs.o ABSOLUTE
    _printf_truncate_unsigned                0x00000000   Number         0  stubs.o ABSOLUTE
    _printf_u                                0x00000000   Number         0  stubs.o ABSOLUTE
    _printf_wc                               0x00000000   Number         0  stubs.o ABSOLUTE
    _printf_wctomb                           0x00000000   Number         0  stubs.o ABSOLUTE
    _printf_widthprec                        0x00000000   Number         0  stubs.o ABSOLUTE
    _printf_x                                0x00000000   Number         0  stubs.o ABSOLUTE
    __arm_fini_                               - Undefined Weak Reference
    __cpp_initialize__aeabi_                  - Undefined Weak Reference
    __cxa_finalize                            - Undefined Weak Reference
    _clock_init                               - Undefined Weak Reference
    _microlib_exit                            - Undefined Weak Reference
    __Vectors_Size                           0x00000130   Number         0  startup_stm32f10x_hd.o ABSOLUTE
    __Vectors                                0x08000000   Data           4  startup_stm32f10x_hd.o(RESET)
    __Vectors_End                            0x08000130   Data           0  startup_stm32f10x_hd.o(RESET)
    __main                                   0x08000131   Thumb Code     0  entry.o(.ARM.Collect$$$$00000000)
    _main_stk                                0x08000131   Thumb Code     0  entry2.o(.ARM.Collect$$$$00000001)
    _main_scatterload                        0x08000135   Thumb Code     0  entry5.o(.ARM.Collect$$$$00000004)
    __main_after_scatterload                 0x08000139   Thumb Code     0  entry5.o(.ARM.Collect$$$$00000004)
    _main_clock                              0x08000139   Thumb Code     0  entry7b.o(.ARM.Collect$$$$00000008)
    _main_cpp_init                           0x08000139   Thumb Code     0  entry8b.o(.ARM.Collect$$$$0000000A)
    _main_init                               0x08000139   Thumb Code     0  entry9a.o(.ARM.Collect$$$$0000000B)
    __rt_lib_shutdown_fini                   0x08000141   Thumb Code     0  entry12b.o(.ARM.Collect$$$$0000000E)
    __rt_final_cpp                           0x08000145   Thumb Code     0  entry10a.o(.ARM.Collect$$$$0000000F)
    __rt_final_exit                          0x08000145   Thumb Code     0  entry11a.o(.ARM.Collect$$$$00000011)
    Reset_Handler                            0x08000149   Thumb Code     8  startup_stm32f10x_hd.o(.text)
    ADC1_2_IRQHandler                        0x08000163   Thumb Code     0  startup_stm32f10x_hd.o(.text)
    ADC3_IRQHandler                          0x08000163   Thumb Code     0  startup_stm32f10x_hd.o(.text)
    CAN1_RX1_IRQHandler                      0x08000163   Thumb Code     0  startup_stm32f10x_hd.o(.text)
    CAN1_SCE_IRQHandler                      0x08000163   Thumb Code     0  startup_stm32f10x_hd.o(.text)
    DMA1_Channel1_IRQHandler                 0x08000163   Thumb Code     0  startup_stm32f10x_hd.o(.text)
    DMA1_Channel2_IRQHandler                 0x08000163   Thumb Code     0  startup_stm32f10x_hd.o(.text)
    DMA1_Channel3_IRQHandler                 0x08000163   Thumb Code     0  startup_stm32f10x_hd.o(.text)
    DMA1_Channel4_IRQHandler                 0x08000163   Thumb Code     0  startup_stm32f10x_hd.o(.text)
    DMA1_Channel5_IRQHandler                 0x08000163   Thumb Code     0  startup_stm32f10x_hd.o(.text)
    DMA1_Channel6_IRQHandler                 0x08000163   Thumb Code     0  startup_stm32f10x_hd.o(.text)
    DMA1_Channel7_IRQHandler                 0x08000163   Thumb Code     0  startup_stm32f10x_hd.o(.text)
    DMA2_Channel1_IRQHandler                 0x08000163   Thumb Code     0  startup_stm32f10x_hd.o(.text)
    DMA2_Channel2_IRQHandler                 0x08000163   Thumb Code     0  startup_stm32f10x_hd.o(.text)
    DMA2_Channel3_IRQHandler                 0x08000163   Thumb Code     0  startup_stm32f10x_hd.o(.text)
    DMA2_Channel4_5_IRQHandler               0x08000163   Thumb Code     0  startup_stm32f10x_hd.o(.text)
    EXTI0_IRQHandler                         0x08000163   Thumb Code     0  startup_stm32f10x_hd.o(.text)
    EXTI15_10_IRQHandler                     0x08000163   Thumb Code     0  startup_stm32f10x_hd.o(.text)
    EXTI1_IRQHandler                         0x08000163   Thumb Code     0  startup_stm32f10x_hd.o(.text)
    EXTI2_IRQHandler                         0x08000163   Thumb Code     0  startup_stm32f10x_hd.o(.text)
    EXTI3_IRQHandler                         0x08000163   Thumb Code     0  startup_stm32f10x_hd.o(.text)
    EXTI4_IRQHandler                         0x08000163   Thumb Code     0  startup_stm32f10x_hd.o(.text)
    EXTI9_5_IRQHandler                       0x08000163   Thumb Code     0  startup_stm32f10x_hd.o(.text)
    FLASH_IRQHandler                         0x08000163   Thumb Code     0  startup_stm32f10x_hd.o(.text)
    FSMC_IRQHandler                          0x08000163   Thumb Code     0  startup_stm32f10x_hd.o(.text)
    I2C1_ER_IRQHandler                       0x08000163   Thumb Code     0  startup_stm32f10x_hd.o(.text)
    I2C1_EV_IRQHandler                       0x08000163   Thumb Code     0  startup_stm32f10x_hd.o(.text)
    I2C2_ER_IRQHandler                       0x08000163   Thumb Code     0  startup_stm32f10x_hd.o(.text)
    I2C2_EV_IRQHandler                       0x08000163   Thumb Code     0  startup_stm32f10x_hd.o(.text)
    PVD_IRQHandler                           0x08000163   Thumb Code     0  startup_stm32f10x_hd.o(.text)
    RCC_IRQHandler                           0x08000163   Thumb Code     0  startup_stm32f10x_hd.o(.text)
    RTCAlarm_IRQHandler                      0x08000163   Thumb Code     0  startup_stm32f10x_hd.o(.text)
    RTC_IRQHandler                           0x08000163   Thumb Code     0  startup_stm32f10x_hd.o(.text)
    SDIO_IRQHandler                          0x08000163   Thumb Code     0  startup_stm32f10x_hd.o(.text)
    SPI1_IRQHandler                          0x08000163   Thumb Code     0  startup_stm32f10x_hd.o(.text)
    SPI2_IRQHandler                          0x08000163   Thumb Code     0  startup_stm32f10x_hd.o(.text)
    SPI3_IRQHandler                          0x08000163   Thumb Code     0  startup_stm32f10x_hd.o(.text)
    TAMPER_IRQHandler                        0x08000163   Thumb Code     0  startup_stm32f10x_hd.o(.text)
    TIM1_BRK_IRQHandler                      0x08000163   Thumb Code     0  startup_stm32f10x_hd.o(.text)
    TIM1_CC_IRQHandler                       0x08000163   Thumb Code     0  startup_stm32f10x_hd.o(.text)
    TIM1_TRG_COM_IRQHandler                  0x08000163   Thumb Code     0  startup_stm32f10x_hd.o(.text)
    TIM2_IRQHandler                          0x08000163   Thumb Code     0  startup_stm32f10x_hd.o(.text)
    TIM5_IRQHandler                          0x08000163   Thumb Code     0  startup_stm32f10x_hd.o(.text)
    TIM7_IRQHandler                          0x08000163   Thumb Code     0  startup_stm32f10x_hd.o(.text)
    TIM8_BRK_IRQHandler                      0x08000163   Thumb Code     0  startup_stm32f10x_hd.o(.text)
    TIM8_CC_IRQHandler                       0x08000163   Thumb Code     0  startup_stm32f10x_hd.o(.text)
    TIM8_TRG_COM_IRQHandler                  0x08000163   Thumb Code     0  startup_stm32f10x_hd.o(.text)
    TIM8_UP_IRQHandler                       0x08000163   Thumb Code     0  startup_stm32f10x_hd.o(.text)
    UART5_IRQHandler                         0x08000163   Thumb Code     0  startup_stm32f10x_hd.o(.text)
    USART1_IRQHandler                        0x08000163   Thumb Code     0  startup_stm32f10x_hd.o(.text)
    USART3_IRQHandler                        0x08000163   Thumb Code     0  startup_stm32f10x_hd.o(.text)
    USBWakeUp_IRQHandler                     0x08000163   Thumb Code     0  startup_stm32f10x_hd.o(.text)
    USB_HP_CAN1_TX_IRQHandler                0x08000163   Thumb Code     0  startup_stm32f10x_hd.o(.text)
    USB_LP_CAN1_RX0_IRQHandler               0x08000163   Thumb Code     0  startup_stm32f10x_hd.o(.text)
    WWDG_IRQHandler                          0x08000163   Thumb Code     0  startup_stm32f10x_hd.o(.text)
    __aeabi_fadd                             0x0800016d   Thumb Code   164  fadd.o(.text)
    __aeabi_fsub                             0x08000211   Thumb Code     6  fadd.o(.text)
    __aeabi_frsub                            0x08000217   Thumb Code     6  fadd.o(.text)
    __aeabi_fmul                             0x0800021d   Thumb Code   100  fmul.o(.text)
    __aeabi_fdiv                             0x08000281   Thumb Code   124  fdiv.o(.text)
    __aeabi_i2f                              0x080002fd   Thumb Code    18  fflti.o(.text)
    __aeabi_ui2f                             0x0800030f   Thumb Code    10  ffltui.o(.text)
    __aeabi_f2iz                             0x08000319   Thumb Code    50  ffixi.o(.text)
    __aeabi_f2uiz                            0x0800034b   Thumb Code    40  ffixui.o(.text)
    __aeabi_f2d                              0x08000373   Thumb Code    38  f2d.o(.text)
    __aeabi_cdcmpeq                          0x08000399   Thumb Code     0  cdcmple.o(.text)
    __aeabi_cdcmple                          0x08000399   Thumb Code    48  cdcmple.o(.text)
    __aeabi_cdrcmple                         0x080003c9   Thumb Code    48  cdrcmple.o(.text)
    __aeabi_cfcmpeq                          0x080003f9   Thumb Code     0  cfcmple.o(.text)
    __aeabi_cfcmple                          0x080003f9   Thumb Code    20  cfcmple.o(.text)
    __aeabi_cfrcmple                         0x0800040d   Thumb Code    20  cfrcmple.o(.text)
    __I$use$fp                               0x08000421   Thumb Code     0  iusefp.o(.text)
    _float_round                             0x08000421   Thumb Code    18  fepilogue.o(.text)
    _float_epilogue                          0x08000433   Thumb Code    92  fepilogue.o(.text)
    _frnd                                    0x0800048f   Thumb Code    60  frnd.o(.text)
    __scatterload                            0x080004cd   Thumb Code    28  init.o(.text)
    __scatterload_rt2                        0x080004cd   Thumb Code     0  init.o(.text)
    __ARM_scalbnf                            0x080004f1   Thumb Code    24  fscalb.o(.text)
    scalbnf                                  0x080004f1   Thumb Code     0  fscalb.o(.text)
    __decompress                             0x08000509   Thumb Code     0  __dczerorl2.o(.text)
    __decompress1                            0x08000509   Thumb Code    86  __dczerorl2.o(.text)
    BusFault_Handler                         0x0800055f   Thumb Code     4  stm32f10x_it.o(i.BusFault_Handler)
    DebugMon_Handler                         0x08000563   Thumb Code     2  stm32f10x_it.o(i.DebugMon_Handler)
    Encoder_Get1                             0x08000565   Thumb Code    26  encoder.o(i.Encoder_Get1)
    Encoder_Get2                             0x08000581   Thumb Code    22  encoder.o(i.Encoder_Get2)
    Encoder_Get3                             0x0800059d   Thumb Code    22  encoder.o(i.Encoder_Get3)
    Encoder_Get4                             0x080005b9   Thumb Code    22  encoder.o(i.Encoder_Get4)
    GPIO_Init                                0x080005d5   Thumb Code   278  stm32f10x_gpio.o(i.GPIO_Init)
    GPIO_PinRemapConfig                      0x080006ed   Thumb Code   138  stm32f10x_gpio.o(i.GPIO_PinRemapConfig)
    HardFault_Handler                        0x0800077d   Thumb Code     4  stm32f10x_it.o(i.HardFault_Handler)
    MemManage_Handler                        0x08000781   Thumb Code     4  stm32f10x_it.o(i.MemManage_Handler)
    NMI_Handler                              0x08000785   Thumb Code     2  stm32f10x_it.o(i.NMI_Handler)
    NVIC_Init                                0x08000789   Thumb Code   100  misc.o(i.NVIC_Init)
    PendSV_Handler                           0x080007f9   Thumb Code     2  stm32f10x_it.o(i.PendSV_Handler)
    PositionalPID_PositionControl_A          0x080007fd   Thumb Code   224  my_pid.o(i.PositionalPID_PositionControl_A)
    PositionalPID_PositionControl_B          0x0800090d   Thumb Code   224  my_pid.o(i.PositionalPID_PositionControl_B)
    PositionalPID_PositionControl_C          0x08000a1d   Thumb Code   224  my_pid.o(i.PositionalPID_PositionControl_C)
    PositionalPID_PositionControl_D          0x08000b2d   Thumb Code   224  my_pid.o(i.PositionalPID_PositionControl_D)
    RCC_APB1PeriphClockCmd                   0x08000c3d   Thumb Code    26  stm32f10x_rcc.o(i.RCC_APB1PeriphClockCmd)
    RCC_APB2PeriphClockCmd                   0x08000c5d   Thumb Code    26  stm32f10x_rcc.o(i.RCC_APB2PeriphClockCmd)
    SERVO_SetAngle                           0x08000c7d   Thumb Code   272  servo.o(i.SERVO_SetAngle)
    SERVO_TIM1_Init                          0x08000dad   Thumb Code   254  servo.o(i.SERVO_TIM1_Init)
    SERVO_TIM3_Init                          0x08000eb9   Thumb Code   194  servo.o(i.SERVO_TIM3_Init)
    SERVO_TIM4_Init                          0x08000f85   Thumb Code   184  servo.o(i.SERVO_TIM4_Init)
    SVC_Handler                              0x08001045   Thumb Code     2  stm32f10x_it.o(i.SVC_Handler)
    SysTick_Handler                          0x08001131   Thumb Code     2  stm32f10x_it.o(i.SysTick_Handler)
    SystemInit                               0x08001135   Thumb Code    78  system_stm32f10x.o(i.SystemInit)
    TIM1_UP_IRQHandler                       0x08001195   Thumb Code    52  servo.o(i.TIM1_UP_IRQHandler)
    TIM3_IRQHandler                          0x080011d1   Thumb Code    52  servo.o(i.TIM3_IRQHandler)
    TIM4_IRQHandler                          0x0800120d   Thumb Code    32  servo.o(i.TIM4_IRQHandler)
    TIM6_IRQHandler                          0x08001235   Thumb Code   230  main.o(i.TIM6_IRQHandler)
    TIM_ClearITPendingBit                    0x08001365   Thumb Code     6  stm32f10x_tim.o(i.TIM_ClearITPendingBit)
    TIM_Cmd                                  0x0800136b   Thumb Code    24  stm32f10x_tim.o(i.TIM_Cmd)
    TIM_CtrlPWMOutputs                       0x08001383   Thumb Code    30  stm32f10x_tim.o(i.TIM_CtrlPWMOutputs)
    TIM_GetCounter                           0x080013a1   Thumb Code     6  stm32f10x_tim.o(i.TIM_GetCounter)
    TIM_GetITStatus                          0x080013a7   Thumb Code    34  stm32f10x_tim.o(i.TIM_GetITStatus)
    TIM_ITConfig                             0x080013c9   Thumb Code    18  stm32f10x_tim.o(i.TIM_ITConfig)
    TIM_OC1Init                              0x080013dd   Thumb Code   132  stm32f10x_tim.o(i.TIM_OC1Init)
    TIM_OC1PreloadConfig                     0x08001475   Thumb Code    18  stm32f10x_tim.o(i.TIM_OC1PreloadConfig)
    TIM_OC2Init                              0x08001489   Thumb Code   154  stm32f10x_tim.o(i.TIM_OC2Init)
    TIM_OC2PreloadConfig                     0x0800152d   Thumb Code    26  stm32f10x_tim.o(i.TIM_OC2PreloadConfig)
    TIM_OC3Init                              0x08001549   Thumb Code   150  stm32f10x_tim.o(i.TIM_OC3Init)
    TIM_OC3PreloadConfig                     0x080015e9   Thumb Code    18  stm32f10x_tim.o(i.TIM_OC3PreloadConfig)
    TIM_OC4Init                              0x080015fd   Thumb Code   114  stm32f10x_tim.o(i.TIM_OC4Init)
    TIM_OC4PreloadConfig                     0x08001679   Thumb Code    26  stm32f10x_tim.o(i.TIM_OC4PreloadConfig)
    TIM_OCStructInit                         0x08001693   Thumb Code    20  stm32f10x_tim.o(i.TIM_OCStructInit)
    TIM_SetCompare1                          0x080016a7   Thumb Code     4  stm32f10x_tim.o(i.TIM_SetCompare1)
    TIM_SetCompare2                          0x080016ab   Thumb Code     4  stm32f10x_tim.o(i.TIM_SetCompare2)
    TIM_SetCompare3                          0x080016af   Thumb Code     4  stm32f10x_tim.o(i.TIM_SetCompare3)
    TIM_SetCompare4                          0x080016b3   Thumb Code     6  stm32f10x_tim.o(i.TIM_SetCompare4)
    TIM_SetCounter                           0x080016b9   Thumb Code     4  stm32f10x_tim.o(i.TIM_SetCounter)
    TIM_TimeBaseInit                         0x080016bd   Thumb Code   122  stm32f10x_tim.o(i.TIM_TimeBaseInit)
    UART4_IRQHandler                         0x08001761   Thumb Code   136  usart.o(i.UART4_IRQHandler)
    USART2_IRQHandler                        0x08001801   Thumb Code   188  usart.o(i.USART2_IRQHandler)
    USART_ClearITPendingBit                  0x080018d5   Thumb Code    30  stm32f10x_usart.o(i.USART_ClearITPendingBit)
    USART_GetITStatus                        0x080018f3   Thumb Code    84  stm32f10x_usart.o(i.USART_GetITStatus)
    USART_ReceiveData                        0x08001947   Thumb Code    10  stm32f10x_usart.o(i.USART_ReceiveData)
    UsageFault_Handler                       0x08001951   Thumb Code     4  stm32f10x_it.o(i.UsageFault_Handler)
    __mathlib_flt_infnan                     0x08001955   Thumb Code     6  funder.o(i.__mathlib_flt_infnan)
    __mathlib_flt_invalid                    0x0800195b   Thumb Code     8  funder.o(i.__mathlib_flt_invalid)
    __mathlib_rredf2                         0x08001965   Thumb Code   344  rredf.o(i.__mathlib_rredf2)
    __scatterload_copy                       0x08001acd   Thumb Code    14  handlers.o(i.__scatterload_copy)
    __scatterload_null                       0x08001adb   Thumb Code     2  handlers.o(i.__scatterload_null)
    __scatterload_zeroinit                   0x08001add   Thumb Code    14  handlers.o(i.__scatterload_zeroinit)
    __set_errno                              0x08001aed   Thumb Code     6  errno.o(i.__set_errno)
    cosf                                     0x08001af9   Thumb Code   328  cosf.o(i.cosf)
    main                                     0x08001c75   Thumb Code    30  main.o(i.main)
    sinusoidal_interpolation                 0x08001c99   Thumb Code    74  servo.o(i.sinusoidal_interpolation)
    update_servo_ccr                         0x08001ce9   Thumb Code   178  servo.o(i.update_servo_ccr)
    Region$$Table$$Base                      0x08001dc0   Number         0  anon$$obj.o(Region$$Table)
    Region$$Table$$Limit                     0x08001de0   Number         0  anon$$obj.o(Region$$Table)
    Velocity_KP                              0x20000000   Data           4  my_pid.o(.data)
    Velocity_KI                              0x20000004   Data           4  my_pid.o(.data)
    Dis_KP                                   0x20000008   Data           4  my_pid.o(.data)
    Kp_VA                                    0x2000000c   Data           4  my_pid.o(.data)
    Ki_VA                                    0x20000010   Data           4  my_pid.o(.data)
    Kd_VA                                    0x20000014   Data           4  my_pid.o(.data)
    Kp_VB                                    0x20000018   Data           4  my_pid.o(.data)
    Ki_VB                                    0x2000001c   Data           4  my_pid.o(.data)
    Kd_VB                                    0x20000020   Data           4  my_pid.o(.data)
    Kp_VC                                    0x20000024   Data           4  my_pid.o(.data)
    Ki_VC                                    0x20000028   Data           4  my_pid.o(.data)
    Kd_VC                                    0x2000002c   Data           4  my_pid.o(.data)
    Kp_VD                                    0x20000030   Data           4  my_pid.o(.data)
    Ki_VD                                    0x20000034   Data           4  my_pid.o(.data)
    Kd_VD                                    0x20000038   Data           4  my_pid.o(.data)
    KP_VA                                    0x2000003c   Data           4  my_pid.o(.data)
    KI_VA                                    0x20000040   Data           4  my_pid.o(.data)
    KD_VA                                    0x20000044   Data           4  my_pid.o(.data)
    KP_VB                                    0x20000048   Data           4  my_pid.o(.data)
    KI_VB                                    0x2000004c   Data           4  my_pid.o(.data)
    KD_VB                                    0x20000050   Data           4  my_pid.o(.data)
    KP_VC                                    0x20000054   Data           4  my_pid.o(.data)
    KI_VC                                    0x20000058   Data           4  my_pid.o(.data)
    KD_VC                                    0x2000005c   Data           4  my_pid.o(.data)
    KP_VD                                    0x20000060   Data           4  my_pid.o(.data)
    KI_VD                                    0x20000064   Data           4  my_pid.o(.data)
    KD_VD                                    0x20000068   Data           4  my_pid.o(.data)
    Kp_PA                                    0x2000006c   Data           4  my_pid.o(.data)
    Ki_PA                                    0x20000070   Data           4  my_pid.o(.data)
    Kd_PA                                    0x20000074   Data           4  my_pid.o(.data)
    Kp_PB                                    0x20000078   Data           4  my_pid.o(.data)
    Ki_PB                                    0x2000007c   Data           4  my_pid.o(.data)
    Kd_PB                                    0x20000080   Data           4  my_pid.o(.data)
    Kp_PC                                    0x20000084   Data           4  my_pid.o(.data)
    Ki_PC                                    0x20000088   Data           4  my_pid.o(.data)
    Kd_PC                                    0x2000008c   Data           4  my_pid.o(.data)
    Kp_PD                                    0x20000090   Data           4  my_pid.o(.data)
    Ki_PD                                    0x20000094   Data           4  my_pid.o(.data)
    Kd_PD                                    0x20000098   Data           4  my_pid.o(.data)
    Pwm_Lowerlimit                           0x2000009c   Data           4  my_pid.o(.data)
    Pwm_Upperlimit                           0x200000a0   Data           4  my_pid.o(.data)
    action_executed                          0x20000164   Data           1  servo.o(.data)
    transform_flag                           0x20000165   Data           1  servo.o(.data)
    total_steps                              0x20000166   Data           2  servo.o(.data)
    USART4_RX_BUF                            0x2000016c   Data           5  usart.o(.data)
    command_flag                             0x20000171   Data           1  usart.o(.data)
    command                                  0x20000172   Data           1  usart.o(.data)
    Serial_RxFlag                            0x20000173   Data           1  usart.o(.data)
    Distance1                                0x20000174   Data           4  usart.o(.data)
    Distance2                                0x20000178   Data           4  usart.o(.data)
    USART2_RX_BUF                            0x2000017c   Data           6  usart.o(.data)
    USART2_RX_STA                            0x20000182   Data           1  usart.o(.data)
    EnocdeA                                  0x20000188   Data           4  main.o(.data)
    star_flag                                0x2000018c   Data           1  main.o(.data)
    Target_SpeedA                            0x20000190   Data           4  main.o(.data)
    Target_SpeedB                            0x20000194   Data           4  main.o(.data)
    Target_SpeedC                            0x20000198   Data           4  main.o(.data)
    Target_SpeedD                            0x2000019c   Data           4  main.o(.data)
    Actual_SpeedA                            0x200001a0   Data           4  main.o(.data)
    Actual_SpeedB                            0x200001a4   Data           4  main.o(.data)
    Actual_SpeedC                            0x200001a8   Data           4  main.o(.data)
    Actual_SpeedD                            0x200001ac   Data           4  main.o(.data)
    Out_A                                    0x200001b0   Data           4  main.o(.data)
    Out_B                                    0x200001b4   Data           4  main.o(.data)
    Out_C                                    0x200001b8   Data           4  main.o(.data)
    Out_D                                    0x200001bc   Data           4  main.o(.data)
    Actual_LocationA                         0x200001c0   Data           4  main.o(.data)
    Actual_LocationB                         0x200001c4   Data           4  main.o(.data)
    Actual_LocationC                         0x200001c8   Data           4  main.o(.data)
    Actual_LocationD                         0x200001cc   Data           4  main.o(.data)
    Target_LocationA                         0x200001d0   Data           4  main.o(.data)
    Target_LocationB                         0x200001d4   Data           4  main.o(.data)
    Target_LocationC                         0x200001d8   Data           4  main.o(.data)
    Target_LocationD                         0x200001dc   Data           4  main.o(.data)
    PS2_LX                                   0x200001e0   Data           4  main.o(.data)
    PS2_LY                                   0x200001e4   Data           4  main.o(.data)
    PS2_RX                                   0x200001e8   Data           4  main.o(.data)
    PS2_RY                                   0x200001ec   Data           4  main.o(.data)
    PS2_KEY                                  0x200001f0   Data           4  main.o(.data)
    mode_flag                                0x200001f4   Data           4  main.o(.data)
    servo_tim1                               0x20000200   Data          48  servo.o(.bss)
    servo_tim3                               0x20000230   Data          24  servo.o(.bss)
    servo_tim4                               0x20000248   Data          12  servo.o(.bss)
    __initial_sp                             0x20000658   Data           0  startup_stm32f10x_hd.o(STACK)



==============================================================================

Memory Map of the image

  Image Entry point : 0x08000131

  Load Region LR_IROM1 (Base: 0x08000000, Size: 0x00001fe0, Max: 0x00080000, ABSOLUTE, COMPRESSED[0x00001e34])

    Execution Region ER_IROM1 (Exec base: 0x08000000, Load base: 0x08000000, Size: 0x00001de0, Max: 0x00080000, ABSOLUTE)

    Exec Addr    Load Addr    Size         Type   Attr      Idx    E Section Name        Object

    0x08000000   0x08000000   0x00000130   Data   RO          132    RESET               startup_stm32f10x_hd.o
    0x08000130   0x08000130   0x00000000   Code   RO         4976  * .ARM.Collect$$$$00000000  mc_w.l(entry.o)
    0x08000130   0x08000130   0x00000004   Code   RO         5334    .ARM.Collect$$$$00000001  mc_w.l(entry2.o)
    0x08000134   0x08000134   0x00000004   Code   RO         5337    .ARM.Collect$$$$00000004  mc_w.l(entry5.o)
    0x08000138   0x08000138   0x00000000   Code   RO         5339    .ARM.Collect$$$$00000008  mc_w.l(entry7b.o)
    0x08000138   0x08000138   0x00000000   Code   RO         5341    .ARM.Collect$$$$0000000A  mc_w.l(entry8b.o)
    0x08000138   0x08000138   0x00000008   Code   RO         5342    .ARM.Collect$$$$0000000B  mc_w.l(entry9a.o)
    0x08000140   0x08000140   0x00000004   Code   RO         5349    .ARM.Collect$$$$0000000E  mc_w.l(entry12b.o)
    0x08000144   0x08000144   0x00000000   Code   RO         5344    .ARM.Collect$$$$0000000F  mc_w.l(entry10a.o)
    0x08000144   0x08000144   0x00000000   Code   RO         5346    .ARM.Collect$$$$00000011  mc_w.l(entry11a.o)
    0x08000144   0x08000144   0x00000004   Code   RO         5335    .ARM.Collect$$$$00002712  mc_w.l(entry2.o)
    0x08000148   0x08000148   0x00000024   Code   RO          133    .text               startup_stm32f10x_hd.o
    0x0800016c   0x0800016c   0x000000b0   Code   RO         5248    .text               mf_w.l(fadd.o)
    0x0800021c   0x0800021c   0x00000064   Code   RO         5250    .text               mf_w.l(fmul.o)
    0x08000280   0x08000280   0x0000007c   Code   RO         5252    .text               mf_w.l(fdiv.o)
    0x080002fc   0x080002fc   0x00000012   Code   RO         5260    .text               mf_w.l(fflti.o)
    0x0800030e   0x0800030e   0x0000000a   Code   RO         5262    .text               mf_w.l(ffltui.o)
    0x08000318   0x08000318   0x00000032   Code   RO         5268    .text               mf_w.l(ffixi.o)
    0x0800034a   0x0800034a   0x00000028   Code   RO         5270    .text               mf_w.l(ffixui.o)
    0x08000372   0x08000372   0x00000026   Code   RO         5276    .text               mf_w.l(f2d.o)
    0x08000398   0x08000398   0x00000030   Code   RO         5278    .text               mf_w.l(cdcmple.o)
    0x080003c8   0x080003c8   0x00000030   Code   RO         5280    .text               mf_w.l(cdrcmple.o)
    0x080003f8   0x080003f8   0x00000014   Code   RO         5284    .text               mf_w.l(cfcmple.o)
    0x0800040c   0x0800040c   0x00000014   Code   RO         5286    .text               mf_w.l(cfrcmple.o)
    0x08000420   0x08000420   0x00000000   Code   RO         5368    .text               mc_w.l(iusefp.o)
    0x08000420   0x08000420   0x0000006e   Code   RO         5369    .text               mf_w.l(fepilogue.o)
    0x0800048e   0x0800048e   0x0000003c   Code   RO         5371    .text               mf_w.l(frnd.o)
    0x080004ca   0x080004ca   0x00000002   PAD
    0x080004cc   0x080004cc   0x00000024   Code   RO         5383    .text               mc_w.l(init.o)
    0x080004f0   0x080004f0   0x00000018   Code   RO         5385    .text               mf_w.l(fscalb.o)
    0x08000508   0x08000508   0x00000056   Code   RO         5395    .text               mc_w.l(__dczerorl2.o)
    0x0800055e   0x0800055e   0x00000004   Code   RO         4877    i.BusFault_Handler  stm32f10x_it.o
    0x08000562   0x08000562   0x00000002   Code   RO         4878    i.DebugMon_Handler  stm32f10x_it.o
    0x08000564   0x08000564   0x0000001a   Code   RO         3340    i.Encoder_Get1      encoder.o
    0x0800057e   0x0800057e   0x00000002   PAD
    0x08000580   0x08000580   0x0000001c   Code   RO         3341    i.Encoder_Get2      encoder.o
    0x0800059c   0x0800059c   0x0000001c   Code   RO         3342    i.Encoder_Get3      encoder.o
    0x080005b8   0x080005b8   0x0000001c   Code   RO         3343    i.Encoder_Get4      encoder.o
    0x080005d4   0x080005d4   0x00000116   Code   RO         1347    i.GPIO_Init         stm32f10x_gpio.o
    0x080006ea   0x080006ea   0x00000002   PAD
    0x080006ec   0x080006ec   0x00000090   Code   RO         1349    i.GPIO_PinRemapConfig  stm32f10x_gpio.o
    0x0800077c   0x0800077c   0x00000004   Code   RO         4879    i.HardFault_Handler  stm32f10x_it.o
    0x08000780   0x08000780   0x00000004   Code   RO         4880    i.MemManage_Handler  stm32f10x_it.o
    0x08000784   0x08000784   0x00000002   Code   RO         4881    i.NMI_Handler       stm32f10x_it.o
    0x08000786   0x08000786   0x00000002   PAD
    0x08000788   0x08000788   0x00000070   Code   RO          137    i.NVIC_Init         misc.o
    0x080007f8   0x080007f8   0x00000002   Code   RO         4882    i.PendSV_Handler    stm32f10x_it.o
    0x080007fa   0x080007fa   0x00000002   PAD
    0x080007fc   0x080007fc   0x00000110   Code   RO         3549    i.PositionalPID_PositionControl_A  my_pid.o
    0x0800090c   0x0800090c   0x00000110   Code   RO         3550    i.PositionalPID_PositionControl_B  my_pid.o
    0x08000a1c   0x08000a1c   0x00000110   Code   RO         3551    i.PositionalPID_PositionControl_C  my_pid.o
    0x08000b2c   0x08000b2c   0x00000110   Code   RO         3552    i.PositionalPID_PositionControl_D  my_pid.o
    0x08000c3c   0x08000c3c   0x00000020   Code   RO         1775    i.RCC_APB1PeriphClockCmd  stm32f10x_rcc.o
    0x08000c5c   0x08000c5c   0x00000020   Code   RO         1777    i.RCC_APB2PeriphClockCmd  stm32f10x_rcc.o
    0x08000c7c   0x08000c7c   0x00000130   Code   RO         3714    i.SERVO_SetAngle    servo.o
    0x08000dac   0x08000dac   0x0000010c   Code   RO         3715    i.SERVO_TIM1_Init   servo.o
    0x08000eb8   0x08000eb8   0x000000cc   Code   RO         3716    i.SERVO_TIM3_Init   servo.o
    0x08000f84   0x08000f84   0x000000c0   Code   RO         3717    i.SERVO_TIM4_Init   servo.o
    0x08001044   0x08001044   0x00000002   Code   RO         4883    i.SVC_Handler       stm32f10x_it.o
    0x08001046   0x08001046   0x00000008   Code   RO           17    i.SetSysClock       system_stm32f10x.o
    0x0800104e   0x0800104e   0x00000002   PAD
    0x08001050   0x08001050   0x000000e0   Code   RO           18    i.SetSysClockTo72   system_stm32f10x.o
    0x08001130   0x08001130   0x00000002   Code   RO         4884    i.SysTick_Handler   stm32f10x_it.o
    0x08001132   0x08001132   0x00000002   PAD
    0x08001134   0x08001134   0x00000060   Code   RO           20    i.SystemInit        system_stm32f10x.o
    0x08001194   0x08001194   0x0000003c   Code   RO         3718    i.TIM1_UP_IRQHandler  servo.o
    0x080011d0   0x080011d0   0x0000003c   Code   RO         3719    i.TIM3_IRQHandler   servo.o
    0x0800120c   0x0800120c   0x00000028   Code   RO         3720    i.TIM4_IRQHandler   servo.o
    0x08001234   0x08001234   0x00000130   Code   RO         4811    i.TIM6_IRQHandler   main.o
    0x08001364   0x08001364   0x00000006   Code   RO         2416    i.TIM_ClearITPendingBit  stm32f10x_tim.o
    0x0800136a   0x0800136a   0x00000018   Code   RO         2421    i.TIM_Cmd           stm32f10x_tim.o
    0x08001382   0x08001382   0x0000001e   Code   RO         2423    i.TIM_CtrlPWMOutputs  stm32f10x_tim.o
    0x080013a0   0x080013a0   0x00000006   Code   RO         2440    i.TIM_GetCounter    stm32f10x_tim.o
    0x080013a6   0x080013a6   0x00000022   Code   RO         2442    i.TIM_GetITStatus   stm32f10x_tim.o
    0x080013c8   0x080013c8   0x00000012   Code   RO         2446    i.TIM_ITConfig      stm32f10x_tim.o
    0x080013da   0x080013da   0x00000002   PAD
    0x080013dc   0x080013dc   0x00000098   Code   RO         2450    i.TIM_OC1Init       stm32f10x_tim.o
    0x08001474   0x08001474   0x00000012   Code   RO         2453    i.TIM_OC1PreloadConfig  stm32f10x_tim.o
    0x08001486   0x08001486   0x00000002   PAD
    0x08001488   0x08001488   0x000000a4   Code   RO         2455    i.TIM_OC2Init       stm32f10x_tim.o
    0x0800152c   0x0800152c   0x0000001a   Code   RO         2458    i.TIM_OC2PreloadConfig  stm32f10x_tim.o
    0x08001546   0x08001546   0x00000002   PAD
    0x08001548   0x08001548   0x000000a0   Code   RO         2460    i.TIM_OC3Init       stm32f10x_tim.o
    0x080015e8   0x080015e8   0x00000012   Code   RO         2463    i.TIM_OC3PreloadConfig  stm32f10x_tim.o
    0x080015fa   0x080015fa   0x00000002   PAD
    0x080015fc   0x080015fc   0x0000007c   Code   RO         2465    i.TIM_OC4Init       stm32f10x_tim.o
    0x08001678   0x08001678   0x0000001a   Code   RO         2467    i.TIM_OC4PreloadConfig  stm32f10x_tim.o
    0x08001692   0x08001692   0x00000014   Code   RO         2468    i.TIM_OCStructInit  stm32f10x_tim.o
    0x080016a6   0x080016a6   0x00000004   Code   RO         2482    i.TIM_SetCompare1   stm32f10x_tim.o
    0x080016aa   0x080016aa   0x00000004   Code   RO         2483    i.TIM_SetCompare2   stm32f10x_tim.o
    0x080016ae   0x080016ae   0x00000004   Code   RO         2484    i.TIM_SetCompare3   stm32f10x_tim.o
    0x080016b2   0x080016b2   0x00000006   Code   RO         2485    i.TIM_SetCompare4   stm32f10x_tim.o
    0x080016b8   0x080016b8   0x00000004   Code   RO         2486    i.TIM_SetCounter    stm32f10x_tim.o
    0x080016bc   0x080016bc   0x000000a4   Code   RO         2492    i.TIM_TimeBaseInit  stm32f10x_tim.o
    0x08001760   0x08001760   0x000000a0   Code   RO         4440    i.UART4_IRQHandler  usart.o
    0x08001800   0x08001800   0x000000d4   Code   RO         4442    i.USART2_IRQHandler  usart.o
    0x080018d4   0x080018d4   0x0000001e   Code   RO         2957    i.USART_ClearITPendingBit  stm32f10x_usart.o
    0x080018f2   0x080018f2   0x00000054   Code   RO         2964    i.USART_GetITStatus  stm32f10x_usart.o
    0x08001946   0x08001946   0x0000000a   Code   RO         2974    i.USART_ReceiveData  stm32f10x_usart.o
    0x08001950   0x08001950   0x00000004   Code   RO         4885    i.UsageFault_Handler  stm32f10x_it.o
    0x08001954   0x08001954   0x00000006   Code   RO         5315    i.__mathlib_flt_infnan  m_ws.l(funder.o)
    0x0800195a   0x0800195a   0x00000008   Code   RO         5317    i.__mathlib_flt_invalid  m_ws.l(funder.o)
    0x08001962   0x08001962   0x00000002   PAD
    0x08001964   0x08001964   0x00000168   Code   RO         5331    i.__mathlib_rredf2  m_ws.l(rredf.o)
    0x08001acc   0x08001acc   0x0000000e   Code   RO         5389    i.__scatterload_copy  mc_w.l(handlers.o)
    0x08001ada   0x08001ada   0x00000002   Code   RO         5390    i.__scatterload_null  mc_w.l(handlers.o)
    0x08001adc   0x08001adc   0x0000000e   Code   RO         5391    i.__scatterload_zeroinit  mc_w.l(handlers.o)
    0x08001aea   0x08001aea   0x00000002   PAD
    0x08001aec   0x08001aec   0x0000000c   Code   RO         5363    i.__set_errno       mc_w.l(errno.o)
    0x08001af8   0x08001af8   0x0000017c   Code   RO         4959    i.cosf              m_ws.l(cosf.o)
    0x08001c74   0x08001c74   0x00000024   Code   RO         4812    i.main              main.o
    0x08001c98   0x08001c98   0x00000050   Code   RO         3724    i.sinusoidal_interpolation  servo.o
    0x08001ce8   0x08001ce8   0x000000b8   Code   RO         3725    i.update_servo_ccr  servo.o
    0x08001da0   0x08001da0   0x00000020   Data   RO         5332    .constdata          m_ws.l(rredf.o)
    0x08001dc0   0x08001dc0   0x00000020   Data   RO         5387    Region$$Table       anon$$obj.o


    Execution Region RW_IRAM1 (Exec base: 0x20000000, Load base: 0x08001de0, Size: 0x00000658, Max: 0x00010000, ABSOLUTE, COMPRESSED[0x00000054])

    Exec Addr    Load Addr    Size         Type   Attr      Idx    E Section Name        Object

    0x20000000   COMPRESSED   0x00000164   Data   RW         3557    .data               my_pid.o
    0x20000164   COMPRESSED   0x00000005   Data   RW         3727    .data               servo.o
    0x20000169   COMPRESSED   0x00000003   PAD
    0x2000016c   COMPRESSED   0x00000019   Data   RW         4447    .data               usart.o
    0x20000185   COMPRESSED   0x00000003   PAD
    0x20000188   COMPRESSED   0x00000072   Data   RW         4813    .data               main.o
    0x200001fa   COMPRESSED   0x00000002   PAD
    0x200001fc   COMPRESSED   0x00000004   Data   RW         5364    .data               mc_w.l(errno.o)
    0x20000200        -       0x00000054   Zero   RW         3726    .bss                servo.o
    0x20000254   COMPRESSED   0x00000004   PAD
    0x20000258        -       0x00000400   Zero   RW          130    STACK               startup_stm32f10x_hd.o


==============================================================================

Image component sizes


      Code (inc. data)   RO Data    RW Data    ZI Data      Debug   Object Name

         0          0          0          0          0       4540   core_cm3.o
       110         18          0          0          0       1964   encoder.o
       340         80          0        114          0       2267   main.o
       112         12          0          0          0     205716   misc.o
      1088        192          0        356          0       9519   my_pid.o
      1392        100          0          5         84       7671   servo.o
        36          8        304          0       1024        784   startup_stm32f10x_hd.o
         0          0          0          0          0       1668   stm32f10x_adc.o
       422          6          0          0          0      11046   stm32f10x_gpio.o
        26          0          0          0          0       3838   stm32f10x_it.o
        64         12          0          0          0       1098   stm32f10x_rcc.o
      1012         92          0          0          0      32816   stm32f10x_tim.o
       124          0          0          0          0       9278   stm32f10x_usart.o
       328         28          0          0          0      30545   system_stm32f10x.o
       372         48          0         25          0       2490   usart.o

    ----------------------------------------------------------------------
      5446        596        336        508       1112     325240   Object Totals
         0          0         32          0          0          0   (incl. Generated)
        20          0          0          8          4          0   (incl. Padding)

    ----------------------------------------------------------------------

      Code (inc. data)   RO Data    RW Data    ZI Data      Debug   Library Member Name

       380         52          0          0          0        124   cosf.o
        14          0          0          0          0        136   funder.o
       360         16         32          0          0         88   rredf.o
        86          0          0          0          0          0   __dczerorl2.o
         0          0          0          0          0          0   entry.o
         0          0          0          0          0          0   entry10a.o
         0          0          0          0          0          0   entry11a.o
         4          0          0          0          0          0   entry12b.o
         8          4          0          0          0          0   entry2.o
         4          0          0          0          0          0   entry5.o
         0          0          0          0          0          0   entry7b.o
         0          0          0          0          0          0   entry8b.o
         8          4          0          0          0          0   entry9a.o
        12          6          0          4          0         68   errno.o
        30          0          0          0          0          0   handlers.o
        36          8          0          0          0         68   init.o
         0          0          0          0          0          0   iusefp.o
        48          0          0          0          0         68   cdcmple.o
        48          0          0          0          0         68   cdrcmple.o
        20          0          0          0          0         68   cfcmple.o
        20          0          0          0          0         68   cfrcmple.o
        38          0          0          0          0         68   f2d.o
       176          0          0          0          0        140   fadd.o
       124          0          0          0          0         88   fdiv.o
       110          0          0          0          0        168   fepilogue.o
        50          0          0          0          0         68   ffixi.o
        40          0          0          0          0         68   ffixui.o
        18          0          0          0          0         68   fflti.o
        10          0          0          0          0         68   ffltui.o
       100          0          0          0          0         76   fmul.o
        60          0          0          0          0         76   frnd.o
        24          0          0          0          0         68   fscalb.o

    ----------------------------------------------------------------------
      1834         90         32          4          0       1712   Library Totals
         6          0          0          0          0          0   (incl. Padding)

    ----------------------------------------------------------------------

      Code (inc. data)   RO Data    RW Data    ZI Data      Debug   Library Name

       754         68         32          0          0        348   m_ws.l
       188         22          0          4          0        136   mc_w.l
       886          0          0          0          0       1228   mf_w.l

    ----------------------------------------------------------------------
      1834         90         32          4          0       1712   Library Totals

    ----------------------------------------------------------------------

==============================================================================


      Code (inc. data)   RO Data    RW Data    ZI Data      Debug   

      7280        686        368        512       1112     323232   Grand Totals
      7280        686        368         84       1112     323232   ELF Image Totals (compressed)
      7280        686        368         84          0          0   ROM Totals

==============================================================================

    Total RO  Size (Code + RO Data)                 7648 (   7.47kB)
    Total RW  Size (RW Data + ZI Data)              1624 (   1.59kB)
    Total ROM Size (Code + RO Data + RW Data)       7732 (   7.55kB)

==============================================================================

